Archive member included to satisfy reference by file (symbol)

c:/ac6/systemworkbench/plugins/fr.ac6.mcu.externaltools.arm-none.win32_1.17.0.201812190825/tools/compiler/bin/../lib/gcc/arm-none-eabi/7.3.1/../../../../arm-none-eabi/lib/thumb/v7-m\libstdc++.a(atexit_arm.o)
                              src/main.o (__aeabi_atexit)
c:/ac6/systemworkbench/plugins/fr.ac6.mcu.externaltools.arm-none.win32_1.17.0.201812190825/tools/compiler/bin/../lib/gcc/arm-none-eabi/7.3.1/../../../../arm-none-eabi/lib/thumb/v7-m\libstdc++.a(del_ops.o)
                              src/Drivers/NEOWAYM590.o (operator delete(void*, unsigned int))
c:/ac6/systemworkbench/plugins/fr.ac6.mcu.externaltools.arm-none.win32_1.17.0.201812190825/tools/compiler/bin/../lib/gcc/arm-none-eabi/7.3.1/../../../../arm-none-eabi/lib/thumb/v7-m\libstdc++.a(del_op.o)
                              c:/ac6/systemworkbench/plugins/fr.ac6.mcu.externaltools.arm-none.win32_1.17.0.201812190825/tools/compiler/bin/../lib/gcc/arm-none-eabi/7.3.1/../../../../arm-none-eabi/lib/thumb/v7-m\libstdc++.a(del_ops.o) (operator delete(void*))
c:/ac6/systemworkbench/plugins/fr.ac6.mcu.externaltools.arm-none.win32_1.17.0.201812190825/tools/compiler/bin/../lib/gcc/arm-none-eabi/7.3.1/thumb/v7-m\libgcc.a(_arm_addsubsf3.o)
                              src/Parsers/ArrayManagement.o (__aeabi_i2f)
c:/ac6/systemworkbench/plugins/fr.ac6.mcu.externaltools.arm-none.win32_1.17.0.201812190825/tools/compiler/bin/../lib/gcc/arm-none-eabi/7.3.1/thumb/v7-m\libgcc.a(_arm_muldivsf3.o)
                              src/Parsers/ArrayManagement.o (__aeabi_fmul)
c:/ac6/systemworkbench/plugins/fr.ac6.mcu.externaltools.arm-none.win32_1.17.0.201812190825/tools/compiler/bin/../lib/gcc/arm-none-eabi/7.3.1/thumb/v7-m\libgcc.a(_arm_fixsfsi.o)
                              src/Parsers/ArrayManagement.o (__aeabi_f2iz)
c:/ac6/systemworkbench/plugins/fr.ac6.mcu.externaltools.arm-none.win32_1.17.0.201812190825/tools/compiler/bin/../lib/gcc/arm-none-eabi/7.3.1/../../../../arm-none-eabi/lib/thumb/v7-m\libc.a(lib_a-cxa_atexit.o)
                              c:/ac6/systemworkbench/plugins/fr.ac6.mcu.externaltools.arm-none.win32_1.17.0.201812190825/tools/compiler/bin/../lib/gcc/arm-none-eabi/7.3.1/../../../../arm-none-eabi/lib/thumb/v7-m\libstdc++.a(atexit_arm.o) (__cxa_atexit)
c:/ac6/systemworkbench/plugins/fr.ac6.mcu.externaltools.arm-none.win32_1.17.0.201812190825/tools/compiler/bin/../lib/gcc/arm-none-eabi/7.3.1/../../../../arm-none-eabi/lib/thumb/v7-m\libc.a(lib_a-errno.o)
                              src/syscalls.o (__errno)
c:/ac6/systemworkbench/plugins/fr.ac6.mcu.externaltools.arm-none.win32_1.17.0.201812190825/tools/compiler/bin/../lib/gcc/arm-none-eabi/7.3.1/../../../../arm-none-eabi/lib/thumb/v7-m\libc.a(lib_a-exit.o)
                              c:/ac6/systemworkbench/plugins/fr.ac6.mcu.externaltools.arm-none.win32_1.17.0.201812190825/tools/compiler/bin/../lib/gcc/arm-none-eabi/7.3.1/../../../../arm-none-eabi/lib/thumb/v7-m/crt0.o (exit)
c:/ac6/systemworkbench/plugins/fr.ac6.mcu.externaltools.arm-none.win32_1.17.0.201812190825/tools/compiler/bin/../lib/gcc/arm-none-eabi/7.3.1/../../../../arm-none-eabi/lib/thumb/v7-m\libc.a(lib_a-impure.o)
                              c:/ac6/systemworkbench/plugins/fr.ac6.mcu.externaltools.arm-none.win32_1.17.0.201812190825/tools/compiler/bin/../lib/gcc/arm-none-eabi/7.3.1/../../../../arm-none-eabi/lib/thumb/v7-m\libc.a(lib_a-exit.o) (_global_impure_ptr)
c:/ac6/systemworkbench/plugins/fr.ac6.mcu.externaltools.arm-none.win32_1.17.0.201812190825/tools/compiler/bin/../lib/gcc/arm-none-eabi/7.3.1/../../../../arm-none-eabi/lib/thumb/v7-m\libc.a(lib_a-init.o)
                              c:/ac6/systemworkbench/plugins/fr.ac6.mcu.externaltools.arm-none.win32_1.17.0.201812190825/tools/compiler/bin/../lib/gcc/arm-none-eabi/7.3.1/../../../../arm-none-eabi/lib/thumb/v7-m/crt0.o (__libc_init_array)
c:/ac6/systemworkbench/plugins/fr.ac6.mcu.externaltools.arm-none.win32_1.17.0.201812190825/tools/compiler/bin/../lib/gcc/arm-none-eabi/7.3.1/../../../../arm-none-eabi/lib/thumb/v7-m\libc.a(lib_a-malloc.o)
                              c:/ac6/systemworkbench/plugins/fr.ac6.mcu.externaltools.arm-none.win32_1.17.0.201812190825/tools/compiler/bin/../lib/gcc/arm-none-eabi/7.3.1/../../../../arm-none-eabi/lib/thumb/v7-m\libstdc++.a(del_op.o) (free)
c:/ac6/systemworkbench/plugins/fr.ac6.mcu.externaltools.arm-none.win32_1.17.0.201812190825/tools/compiler/bin/../lib/gcc/arm-none-eabi/7.3.1/../../../../arm-none-eabi/lib/thumb/v7-m\libc.a(lib_a-mallocr.o)
                              c:/ac6/systemworkbench/plugins/fr.ac6.mcu.externaltools.arm-none.win32_1.17.0.201812190825/tools/compiler/bin/../lib/gcc/arm-none-eabi/7.3.1/../../../../arm-none-eabi/lib/thumb/v7-m\libc.a(lib_a-malloc.o) (_malloc_r)
[...]
Memory Configuration

Name             Origin             Length             Attributes
RAM              0x20000000         0x00005000         xrw
ROM              0x08000000         0x00010000         xr
*default*        0x00000000         0xffffffff

Linker script and memory map

LOAD c:/ac6/systemworkbench/plugins/fr.ac6.mcu.externaltools.arm-none.win32_1.17.0.201812190825/tools/compiler/bin/../lib/gcc/arm-none-eabi/7.3.1/thumb/v7-m/crti.o
LOAD c:/ac6/systemworkbench/plugins/fr.ac6.mcu.externaltools.arm-none.win32_1.17.0.201812190825/tools/compiler/bin/../lib/gcc/arm-none-eabi/7.3.1/thumb/v7-m/crtbegin.o
LOAD c:/ac6/systemworkbench/plugins/fr.ac6.mcu.externaltools.arm-none.win32_1.17.0.201812190825/tools/compiler/bin/../lib/gcc/arm-none-eabi/7.3.1/../../../../arm-none-eabi/lib/thumb/v7-m/crt0.o
LOAD CMSIS/core/core_cm3.o
LOAD FreeRTOS/src/croutine.o
LOAD FreeRTOS/src/event_groups.o
LOAD FreeRTOS/src/heap_1.o
LOAD FreeRTOS/src/list.o
LOAD FreeRTOS/src/port.o
LOAD FreeRTOS/src/queue.o
LOAD FreeRTOS/src/stream_buffer.o
LOAD FreeRTOS/src/tasks.o
LOAD FreeRTOS/src/timers.o
LOAD StdPeriph_Driver/src/misc.o
LOAD StdPeriph_Driver/src/stm32f10x_adc.o
LOAD StdPeriph_Driver/src/stm32f10x_bkp.o
LOAD StdPeriph_Driver/src/stm32f10x_can.o
LOAD StdPeriph_Driver/src/stm32f10x_cec.o
LOAD StdPeriph_Driver/src/stm32f10x_crc.o
LOAD StdPeriph_Driver/src/stm32f10x_dac.o
LOAD StdPeriph_Driver/src/stm32f10x_dbgmcu.o
LOAD StdPeriph_Driver/src/stm32f10x_dma.o
LOAD StdPeriph_Driver/src/stm32f10x_exti.o
LOAD StdPeriph_Driver/src/stm32f10x_flash.o
LOAD StdPeriph_Driver/src/stm32f10x_fsmc.o
LOAD StdPeriph_Driver/src/stm32f10x_gpio.o
LOAD StdPeriph_Driver/src/stm32f10x_i2c.o
LOAD StdPeriph_Driver/src/stm32f10x_iwdg.o
LOAD StdPeriph_Driver/src/stm32f10x_pwr.o
LOAD StdPeriph_Driver/src/stm32f10x_rcc.o
LOAD StdPeriph_Driver/src/stm32f10x_rtc.o
LOAD StdPeriph_Driver/src/stm32f10x_sdio.o
LOAD StdPeriph_Driver/src/stm32f10x_spi.o
LOAD StdPeriph_Driver/src/stm32f10x_tim.o
LOAD StdPeriph_Driver/src/stm32f10x_usart.o
LOAD StdPeriph_Driver/src/stm32f10x_wwdg.o
LOAD src/Drivers/NEOWAYM590.o
LOAD src/Handlers/AlarmHandler.o
LOAD src/Handlers/GNSSHandler.o
LOAD src/Handlers/SensorHandler.o
LOAD src/Hardware/GPIO.o
LOAD src/Hardware/Timers.o
LOAD src/Hardware/USART.o
LOAD src/Hardware/delay.o
LOAD src/Logic.o
LOAD src/Strings.o
LOAD src/main.o
LOAD src/syscalls.o
LOAD src/system_stm32f10x.o
LOAD src/userinterface.o
LOAD src/Parsers/ArrayManagement.o
LOAD src/Protocols/MessageProtocol.o
LOAD startup/startup_stm32.o
LOAD c:/ac6/systemworkbench/plugins/fr.ac6.mcu.externaltools.arm-none.win32_1.17.0.201812190825/tools/compiler/bin/../lib/gcc/arm-none-eabi/7.3.1/../../../../arm-none-eabi/lib/thumb/v7-m\libstdc++.a
LOAD c:/ac6/systemworkbench/plugins/fr.ac6.mcu.externaltools.arm-none.win32_1.17.0.201812190825/tools/compiler/bin/../lib/gcc/arm-none-eabi/7.3.1/../../../../arm-none-eabi/lib/thumb/v7-m\libm.a
START GROUP
LOAD c:/ac6/systemworkbench/plugins/fr.ac6.mcu.externaltools.arm-none.win32_1.17.0.201812190825/tools/compiler/bin/../lib/gcc/arm-none-eabi/7.3.1/thumb/v7-m\libgcc.a
LOAD c:/ac6/systemworkbench/plugins/fr.ac6.mcu.externaltools.arm-none.win32_1.17.0.201812190825/tools/compiler/bin/../lib/gcc/arm-none-eabi/7.3.1/../../../../arm-none-eabi/lib/thumb/v7-m\libc.a
END GROUP
LOAD c:/ac6/systemworkbench/plugins/fr.ac6.mcu.externaltools.arm-none.win32_1.17.0.201812190825/tools/compiler/bin/../lib/gcc/arm-none-eabi/7.3.1/thumb/v7-m/crtend.o
LOAD c:/ac6/systemworkbench/plugins/fr.ac6.mcu.externaltools.arm-none.win32_1.17.0.201812190825/tools/compiler/bin/../lib/gcc/arm-none-eabi/7.3.1/thumb/v7-m/crtn.o
                0x20005000                _estack = 0x20005000
                0x00000000                _Min_Heap_Size = 0x0
                0x00000400                _Min_Stack_Size = 0x400

.isr_vector     0x08000000      0x130
                0x08000000                . = ALIGN (0x4)
 *(.isr_vector)
 .isr_vector    0x08000000      0x130 startup/startup_stm32.o
                0x08000000                g_pfnVectors
                0x08000130                . = ALIGN (0x4)

.text           0x08000130     0x4f44
                0x08000130                . = ALIGN (0x4)
 *(.text)
 .text          0x08000130       0x40 c:/ac6/systemworkbench/plugins/fr.ac6.mcu.externaltools.arm-none.win32_1.17.0.201812190825/tools/compiler/bin/../lib/gcc/arm-none-eabi/7.3.1/thumb/v7-m/crtbegin.o
 .text          0x08000170       0xec c:/ac6/systemworkbench/plugins/fr.ac6.mcu.externaltools.arm-none.win32_1.17.0.201812190825/tools/compiler/bin/../lib/gcc/arm-none-eabi/7.3.1/../../../../arm-none-eabi/lib/thumb/v7-m\libc.a(lib_a-memcpy.o)
                0x08000170                memcpy
 *(.text*)
 .text.pvPortMalloc
                0x0800025c       0x8c FreeRTOS/src/heap_1.o
                0x0800025c                pvPortMalloc
 .text.vPortFree
                0x080002e8       0x12 FreeRTOS/src/heap_1.o
                0x080002e8                vPortFree
 .text.vListInitialise
                0x080002fa       0x3e FreeRTOS/src/list.o
                0x080002fa                vListInitialise
 .text.vListInitialiseItem
                0x08000338       0x18 FreeRTOS/src/list.o
                0x08000338                vListInitialiseItem
 .text.vListInsertEnd
                0x08000350       0x46 FreeRTOS/src/list.o
                0x08000350                vListInsertEnd
 .text.vListInsert
                0x08000396       0x70 FreeRTOS/src/list.o
                0x08000396                vListInsert
 .text.uxListRemove
                0x08000406       0x52 FreeRTOS/src/list.o
                0x08000406                uxListRemove
 .text.pxPortInitialiseStack
                0x08000458       0x58 FreeRTOS/src/port.o
                0x08000458                pxPortInitialiseStack
 .text.prvTaskExitError
                0x080004b0       0x2e FreeRTOS/src/port.o
 *fill*         0x080004de        0x2 
 .text.vPortSVCHandler
                0x080004e0       0x28 FreeRTOS/src/port.o
                0x080004e0                vPortSVCHandler
 .text.prvPortStartFirstTask
                0x08000508       0x20 FreeRTOS/src/port.o
 .text.xPortStartScheduler
                0x08000528       0x40 FreeRTOS/src/port.o
                0x08000528                xPortStartScheduler
 .text.vPortEnterCritical
                0x08000568       0x30 FreeRTOS/src/port.o
                0x08000568                vPortEnterCritical
 .text.vPortExitCritical
                0x08000598       0x30 FreeRTOS/src/port.o
                0x08000598                vPortExitCritical
 *fill*         0x080005c8        0x8 
 .text.xPortPendSVHandler
                0x080005d0       0x48 FreeRTOS/src/port.o
                0x080005d0                xPortPendSVHandler
 .text.xPortSysTickHandler
                0x08000618       0x40 FreeRTOS/src/port.o
                0x08000618                xPortSysTickHandler
 .text.vPortSetupTimerInterrupt
                0x08000658       0x34 FreeRTOS/src/port.o
                0x08000658                vPortSetupTimerInterrupt
 .text.xQueueGenericReset
                0x0800068c       0xb4 FreeRTOS/src/queue.o
                0x0800068c                xQueueGenericReset
 .text.xQueueGenericCreate
                0x08000740       0x5c FreeRTOS/src/queue.o
                0x08000740                xQueueGenericCreate
 .text.prvInitialiseNewQueue
                0x0800079c       0x46 FreeRTOS/src/queue.o
 *fill*         0x080007e2        0x2 
 .text.xQueueReceive
                0x080007e4      0x144 FreeRTOS/src/queue.o
                0x080007e4                xQueueReceive
 .text.prvCopyDataFromQueue
                0x08000928       0x4c FreeRTOS/src/queue.o
 .text.prvUnlockQueue
                0x08000974       0xa4 FreeRTOS/src/queue.o
 .text.prvIsQueueEmpty
                0x08000a18       0x2c FreeRTOS/src/queue.o
 .text.xStreamBufferGenericCreate
                0x08000a44       0x5c FreeRTOS/src/stream_buffer.o
                0x08000a44                xStreamBufferGenericCreate
 .text.xStreamBufferSpacesAvailable
                0x08000aa0       0x48 FreeRTOS/src/stream_buffer.o
                0x08000aa0                xStreamBufferSpacesAvailable
 .text.xStreamBufferSend
                0x08000ae8       0xf6 FreeRTOS/src/stream_buffer.o
                0x08000ae8                xStreamBufferSend
 .text.prvWriteMessageToBuffer
                0x08000bde       0x7a FreeRTOS/src/stream_buffer.o
 .text.xStreamBufferReceive
                0x08000c58       0xd4 FreeRTOS/src/stream_buffer.o
                0x08000c58                xStreamBufferReceive
 .text.prvReadMessageFromBuffer
                0x08000d2c       0x64 FreeRTOS/src/stream_buffer.o
 .text.prvWriteBytesToBuffer
                0x08000d90       0x80 FreeRTOS/src/stream_buffer.o
 .text.prvReadBytesFromBuffer
                0x08000e10       0x94 FreeRTOS/src/stream_buffer.o
 .text.prvBytesInBuffer
                0x08000ea4       0x3e FreeRTOS/src/stream_buffer.o
 .text.prvInitialiseNewStreamBuffer
                0x08000ee2       0x38 FreeRTOS/src/stream_buffer.o
 .text.xTaskCreate
                0x08000f1a       0x82 FreeRTOS/src/tasks.o
                0x08000f1a                xTaskCreate
 .text.prvInitialiseNewTask
                0x08000f9c       0xfe FreeRTOS/src/tasks.o
 *fill*         0x0800109a        0x2 
 .text.prvAddNewTaskToReadyList
                0x0800109c       0xdc FreeRTOS/src/tasks.o
 .text.vTaskDelay
                0x08001178       0x48 FreeRTOS/src/tasks.o
                0x08001178                vTaskDelay
 .text.vTaskStartScheduler
                0x080011c0       0x6c FreeRTOS/src/tasks.o
                0x080011c0                vTaskStartScheduler
 .text.vTaskSuspendAll
                0x0800122c       0x1c FreeRTOS/src/tasks.o
                0x0800122c                vTaskSuspendAll
 .text.xTaskResumeAll
                0x08001248      0x11c FreeRTOS/src/tasks.o
                0x08001248                xTaskResumeAll
 .text.xTaskIncrementTick
                0x08001364      0x150 FreeRTOS/src/tasks.o
                0x08001364                xTaskIncrementTick
 .text.vTaskSwitchContext
                0x080014b4       0x8c FreeRTOS/src/tasks.o
                0x080014b4                vTaskSwitchContext
 .text.vTaskPlaceOnEventList
                0x08001540       0x2c FreeRTOS/src/tasks.o
                0x08001540                vTaskPlaceOnEventList
 .text.xTaskRemoveFromEventList
                0x0800156c       0xa8 FreeRTOS/src/tasks.o
                0x0800156c                xTaskRemoveFromEventList
 .text.vTaskSetTimeOutState
                0x08001614       0x30 FreeRTOS/src/tasks.o
                0x08001614                vTaskSetTimeOutState
 .text.vTaskInternalSetTimeOutState
                0x08001644       0x2c FreeRTOS/src/tasks.o
                0x08001644                vTaskInternalSetTimeOutState
 .text.xTaskCheckForTimeOut
                0x08001670       0x8c FreeRTOS/src/tasks.o
                0x08001670                xTaskCheckForTimeOut
 .text.vTaskMissedYield
                0x080016fc       0x18 FreeRTOS/src/tasks.o
                0x080016fc                vTaskMissedYield
 .text.prvIdleTask
                0x08001714       0x30 FreeRTOS/src/tasks.o
 .text.prvInitialiseTaskLists
                0x08001744       0x80 FreeRTOS/src/tasks.o
 .text.prvCheckTasksWaitingTermination
                0x080017c4       0x58 FreeRTOS/src/tasks.o
 .text.prvDeleteTCB
                0x0800181c       0x20 FreeRTOS/src/tasks.o
 .text.prvResetNextTaskUnblockTime
                0x0800183c       0x40 FreeRTOS/src/tasks.o
 .text.xTaskGetCurrentTaskHandle
                0x0800187c       0x1c FreeRTOS/src/tasks.o
                0x0800187c                xTaskGetCurrentTaskHandle
 .text.xTaskNotifyWait
                0x08001898       0xb4 FreeRTOS/src/tasks.o
                0x08001898                xTaskNotifyWait
 .text.xTaskGenericNotify
                0x0800194c      0x110 FreeRTOS/src/tasks.o
                0x0800194c                xTaskGenericNotify
 .text.xTaskNotifyStateClear
                0x08001a5c       0x4c FreeRTOS/src/tasks.o
                0x08001a5c                xTaskNotifyStateClear
 .text.prvAddCurrentTaskToDelayedList
                0x08001aa8       0xcc FreeRTOS/src/tasks.o
 .text.NVIC_Init
                0x08001b74       0xc4 StdPeriph_Driver/src/misc.o
                0x08001b74                NVIC_Init
 .text.GPIO_Init
                0x08001c38      0x178 StdPeriph_Driver/src/stm32f10x_gpio.o
                0x08001c38                GPIO_Init
 .text.GPIO_ReadInputData
                0x08001db0       0x18 StdPeriph_Driver/src/stm32f10x_gpio.o
                0x08001db0                GPIO_ReadInputData
 .text.GPIO_SetBits
                0x08001dc8       0x1c StdPeriph_Driver/src/stm32f10x_gpio.o
                0x08001dc8                GPIO_SetBits
 .text.GPIO_ResetBits
                0x08001de4       0x1c StdPeriph_Driver/src/stm32f10x_gpio.o
                0x08001de4                GPIO_ResetBits
 .text.RCC_GetClocksFreq
                0x08001e00      0x160 StdPeriph_Driver/src/stm32f10x_rcc.o
                0x08001e00                RCC_GetClocksFreq
 .text.RCC_APB2PeriphClockCmd
                0x08001f60       0x3c StdPeriph_Driver/src/stm32f10x_rcc.o
                0x08001f60                RCC_APB2PeriphClockCmd
 .text.RCC_APB1PeriphClockCmd
                0x08001f9c       0x3c StdPeriph_Driver/src/stm32f10x_rcc.o
                0x08001f9c                RCC_APB1PeriphClockCmd
 .text.TIM_GetITStatus
                0x08001fd8       0x52 StdPeriph_Driver/src/stm32f10x_tim.o
                0x08001fd8                TIM_GetITStatus
 .text.TIM_ClearITPendingBit
                0x0800202a       0x20 StdPeriph_Driver/src/stm32f10x_tim.o
                0x0800202a                TIM_ClearITPendingBit
 *fill*         0x0800204a        0x2 
 .text.USART_Init
                0x0800204c      0x174 StdPeriph_Driver/src/stm32f10x_usart.o
                0x0800204c                USART_Init
 .text.USART_Cmd
                0x080021c0       0x3e StdPeriph_Driver/src/stm32f10x_usart.o
                0x080021c0                USART_Cmd
 .text.USART_ITConfig
                0x080021fe       0x8e StdPeriph_Driver/src/stm32f10x_usart.o
                0x080021fe                USART_ITConfig
 .text.USART_SendData
                0x0800228c       0x22 StdPeriph_Driver/src/stm32f10x_usart.o
                0x0800228c                USART_SendData
 .text.USART_ReceiveData
                0x080022ae       0x1e StdPeriph_Driver/src/stm32f10x_usart.o
                0x080022ae                USART_ReceiveData
 .text.USART_GetFlagStatus
                0x080022cc       0x36 StdPeriph_Driver/src/stm32f10x_usart.o
                0x080022cc                USART_GetFlagStatus
 *fill*         0x08002302        0x2 
 .text._Z41__static_initialization_and_destruction_0ii
                0x08002304       0x34 src/Drivers/NEOWAYM590.o
 .text._GLOBAL__sub_I_usartGSM
                0x08002338       0x10 src/Drivers/NEOWAYM590.o
 .text._ZN12AlarmHandlerC2Ev
                0x08002348       0x20 src/Handlers/AlarmHandler.o
                0x08002348                AlarmHandler::AlarmHandler()
                0x08002348                AlarmHandler::AlarmHandler()
 .text._ZN12AlarmHandlerD2Ev
                0x08002368       0x20 src/Handlers/AlarmHandler.o
                0x08002368                AlarmHandler::~AlarmHandler()
                0x08002368                AlarmHandler::~AlarmHandler()
 .text._ZN12AlarmHandlerD0Ev
                0x08002388       0x20 src/Handlers/AlarmHandler.o
                0x08002388                AlarmHandler::~AlarmHandler()
 .text._ZN12AlarmHandler3runEv
                0x080023a8       0x12 src/Handlers/AlarmHandler.o
                0x080023a8                AlarmHandler::run()
 .text._ZN12AlarmHandler8setQueueEP15QueueDefinition
                0x080023ba       0x1a src/Handlers/AlarmHandler.o
                0x080023ba                AlarmHandler::setQueue(QueueDefinition*)
 .text._ZN11GNSSHandlerC2Ev
                0x080023d4       0x2c src/Handlers/GNSSHandler.o
                0x080023d4                GNSSHandler::GNSSHandler()
                0x080023d4                GNSSHandler::GNSSHandler()
 .text._ZN11GNSSHandlerD2Ev
                0x08002400       0x20 src/Handlers/GNSSHandler.o
                0x08002400                GNSSHandler::~GNSSHandler()
                0x08002400                GNSSHandler::~GNSSHandler()
 .text._ZN11GNSSHandlerD0Ev
                0x08002420       0x20 src/Handlers/GNSSHandler.o
                0x08002420                GNSSHandler::~GNSSHandler()
 .text._ZN11GNSSHandler9configureEv
                0x08002440       0x20 src/Handlers/GNSSHandler.o
                0x08002440                GNSSHandler::configure()
 .text._ZN11GNSSHandler4readEv
                0x08002460       0xd4 src/Handlers/GNSSHandler.o
                0x08002460                GNSSHandler::read()
 .text._ZN11GNSSHandler12parseMessageEv
                0x08002534       0x2c src/Handlers/GNSSHandler.o
                0x08002534                GNSSHandler::parseMessage()
 .text._ZN11GNSSHandler10parseGPGSVEv
                0x08002560      0x144 src/Handlers/GNSSHandler.o
                0x08002560                GNSSHandler::parseGPGSV()
 .text._ZN11GNSSHandler10parseGPGGAEv
                0x080026a4       0xa8 src/Handlers/GNSSHandler.o
                0x080026a4                GNSSHandler::parseGPGGA()
 .text._ZN11GNSSHandler10parseGPRMCEv
                0x0800274c       0xa8 src/Handlers/GNSSHandler.o
                0x0800274c                GNSSHandler::parseGPRMC()
 .text._Z41__static_initialization_and_destruction_0ii
                0x080027f4       0x44 src/Handlers/GNSSHandler.o
 .text._GLOBAL__sub_I_gnss
                0x08002838       0x10 src/Handlers/GNSSHandler.o
 .text._ZN13SensorHandlerC2Ev
                0x08002848       0x2c src/Handlers/SensorHandler.o
                0x08002848                SensorHandler::SensorHandler()
                0x08002848                SensorHandler::SensorHandler()
 .text._ZN13SensorHandlerD2Ev
                0x08002874       0x28 src/Handlers/SensorHandler.o
                0x08002874                SensorHandler::~SensorHandler()
                0x08002874                SensorHandler::~SensorHandler()
 .text._ZN13SensorHandlerD0Ev
                0x0800289c       0x20 src/Handlers/SensorHandler.o
                0x0800289c                SensorHandler::~SensorHandler()
 .text._ZN13SensorHandler10initializeEv
                0x080028bc       0x1a src/Handlers/SensorHandler.o
                0x080028bc                SensorHandler::initialize()
 .text._ZN13SensorHandler3runEv
                0x080028d6       0x1a src/Handlers/SensorHandler.o
                0x080028d6                SensorHandler::run()
 .text._ZN4GPIOC2Ev
                0x080028f0       0x20 src/Hardware/GPIO.o
                0x080028f0                GPIO::GPIO()
                0x080028f0                GPIO::GPIO()
 .text._ZN4GPIOD2Ev
                0x08002910       0x20 src/Hardware/GPIO.o
                0x08002910                GPIO::~GPIO()
                0x08002910                GPIO::~GPIO()
 .text._ZN4GPIOD0Ev
                0x08002930       0x20 src/Hardware/GPIO.o
                0x08002930                GPIO::~GPIO()
 .text._ZN4GPIO7initPinENS_7enumPinENS_8enumTypeE
                0x08002950       0x68 src/Hardware/GPIO.o
                0x08002950                GPIO::initPin(GPIO::enumPin, GPIO::enumType)
 .text._ZN4GPIO6setPinENS_7enumPinENS_8enumTypeE
                0x080029b8       0x68 src/Hardware/GPIO.o
                0x080029b8                GPIO::setPin(GPIO::enumPin, GPIO::enumType)
 .text._ZN4GPIO6getPinENS_7enumPinE
                0x08002a20       0x58 src/Hardware/GPIO.o
                0x08002a20                GPIO::getPin(GPIO::enumPin)
 .text._ZN4GPIO13getCorrectPinENS_7enumPinE
                0x08002a78       0xc4 src/Hardware/GPIO.o
                0x08002a78                GPIO::getCorrectPin(GPIO::enumPin)
 .text._ZN4GPIO9initGPIOAEti
                0x08002b3c       0x54 src/Hardware/GPIO.o
                0x08002b3c                GPIO::initGPIOA(unsigned short, int)
 .text._ZN4GPIO9initGPIOBEti
                0x08002b90       0x54 src/Hardware/GPIO.o
                0x08002b90                GPIO::initGPIOB(unsigned short, int)
 .text._ZN4GPIO10writeGPIOAEti
                0x08002be4       0x3c src/Hardware/GPIO.o
                0x08002be4                GPIO::writeGPIOA(unsigned short, int)
 .text._ZN4GPIO10writeGPIOBEti
                0x08002c20       0x3c src/Hardware/GPIO.o
                0x08002c20                GPIO::writeGPIOB(unsigned short, int)
 .text._ZN4GPIO9readGPIOAEt
                0x08002c5c       0x28 src/Hardware/GPIO.o
                0x08002c5c                GPIO::readGPIOA(unsigned short)
 .text._ZN4GPIO9readGPIOBEt
                0x08002c84       0x28 src/Hardware/GPIO.o
                0x08002c84                GPIO::readGPIOB(unsigned short)
 .text.TIM2_IRQHandler
                0x08002cac       0x78 src/Hardware/Timers.o
                0x08002cac                TIM2_IRQHandler
 .text.TIM3_IRQHandler
                0x08002d24       0x3c src/Hardware/Timers.o
                0x08002d24                TIM3_IRQHandler
 .text.TIM4_IRQHandler
                0x08002d60       0x3c src/Hardware/Timers.o
                0x08002d60                TIM4_IRQHandler
 .text.USART1_IRQHandler
                0x08002d9c       0x60 src/Hardware/USART.o
                0x08002d9c                USART1_IRQHandler
 .text.USART2_IRQHandler
                0x08002dfc       0x60 src/Hardware/USART.o
                0x08002dfc                USART2_IRQHandler
 .text.USART3_IRQHandler
                0x08002e5c       0x60 src/Hardware/USART.o
                0x08002e5c                USART3_IRQHandler
 .text._ZN5USARTC2ENS_9enumUSARTEm
                0x08002ebc      0x1d4 src/Hardware/USART.o
                0x08002ebc                USART::USART(USART::enumUSART, unsigned long)
                0x08002ebc                USART::USART(USART::enumUSART, unsigned long)
 .text._ZN5USART6enableEv
                0x08003090       0x4c src/Hardware/USART.o
                0x08003090                USART::enable()
 .text._ZN5USART9enableIRQEv
                0x080030dc       0xb8 src/Hardware/USART.o
                0x080030dc                USART::enableIRQ()
 .text._ZN5USART4sendEPKci
                0x08003194      0x108 src/Hardware/USART.o
                0x08003194                USART::send(char const*, int)
 .text._ZN5USART9availableEv
                0x0800329c       0x4c src/Hardware/USART.o
                0x0800329c                USART::available()
 .text._ZN5USART8getCountEv
                0x080032e8       0x4c src/Hardware/USART.o
                0x080032e8                USART::getCount()
 .text._ZN5USART9getBufferEPci
                0x08003334       0x5a src/Hardware/USART.o
                0x08003334                USART::getBuffer(char*, int)
 *fill*         0x0800338e        0x2 
 .text._ZN5USART10getBuffer1EPci
                0x08003390       0x78 src/Hardware/USART.o
                0x08003390                USART::getBuffer1(char*, int)
 .text._ZN5USART10getBuffer2EPci
                0x08003408       0x78 src/Hardware/USART.o
                0x08003408                USART::getBuffer2(char*, int)
 .text._ZN5USART10getBuffer3EPci
                0x08003480       0x78 src/Hardware/USART.o
                0x08003480                USART::getBuffer3(char*, int)
 .text._ZN5USART11resetBufferEv
                0x080034f8       0xc8 src/Hardware/USART.o
                0x080034f8                USART::resetBuffer()
 .text._ZN5USART4busyEv
                0x080035c0       0xa0 src/Hardware/USART.o
                0x080035c0                USART::busy()
 .text._ZN5LogicC2Ev
                0x08003660       0x54 src/Logic.o
                0x08003660                Logic::Logic()
                0x08003660                Logic::Logic()
 .text._ZN5LogicD2Ev
                0x080036b4       0x20 src/Logic.o
                0x080036b4                Logic::~Logic()
                0x080036b4                Logic::~Logic()
 .text._ZN5LogicD0Ev
                0x080036d4       0x20 src/Logic.o
                0x080036d4                Logic::~Logic()
 .text._ZN5Logic3runEv
                0x080036f4       0x1c src/Logic.o
                0x080036f4                Logic::run()
 .text._ZN5Logic15setStreamBufferEP17StreamBufferDef_t
                0x08003710       0x38 src/Logic.o
                0x08003710                Logic::setStreamBuffer(StreamBufferDef_t*)
 .text._ZN5Logic14messageReceiveEv
                0x08003748       0x88 src/Logic.o
                0x08003748                Logic::messageReceive()
 .text._ZN5Logic12messageParseEv
                0x080037d0       0x60 src/Logic.o
                0x080037d0                Logic::messageParse()
 .text._Z41__static_initialization_and_destruction_0ii
                0x08003830       0x34 src/Logic.o
 .text._GLOBAL__sub_I_debugLogic
                0x08003864       0x10 src/Logic.o
 .text._Z4initv
                0x08003874       0x44 src/main.o
                0x08003874                init()
 .text._ZL9taskLogicPv
                0x080038b8       0x24 src/main.o
 .text._ZL17taskCommunicationPv
                0x080038dc       0x24 src/main.o
 .text._ZL11taskSensorsPv
                0x08003900       0x24 src/main.o
 .text._ZL9taskAlarmPv
                0x08003924       0x2c src/main.o
 .text._Z8blinkledPv
                0x08003950       0x5c src/main.o
                0x08003950                blinkled(void*)
 .text.main     0x080039ac      0x100 src/main.o
                0x080039ac                main
 .text._Z41__static_initialization_and_destruction_0ii
                0x08003aac       0xb0 src/main.o
 .text._GLOBAL__sub_I_TaskSensors
                0x08003b5c       0x10 src/main.o
 .text._sbrk    0x08003b6c       0x58 src/syscalls.o
                0x08003b6c                _sbrk
 .text.SystemInit
                0x08003bc4       0x68 src/system_stm32f10x.o
                0x08003bc4                SystemInit
 .text.SystemCoreClockUpdate
                0x08003c2c       0xd8 src/system_stm32f10x.o
                0x08003c2c                SystemCoreClockUpdate
 .text.SetSysClock
                0x08003d04        0xc src/system_stm32f10x.o
 .text.SetSysClockTo72
                0x08003d10      0x100 src/system_stm32f10x.o
 .text._ZN20CommunicationHandlerC2Ev
                0x08003e10       0x5c src/userinterface.o
                0x08003e10                CommunicationHandler::CommunicationHandler()
                0x08003e10                CommunicationHandler::CommunicationHandler()
 .text._ZN20CommunicationHandlerD2Ev
                0x08003e6c       0x20 src/userinterface.o
                0x08003e6c                CommunicationHandler::~CommunicationHandler()
                0x08003e6c                CommunicationHandler::~CommunicationHandler()
 .text._ZN20CommunicationHandlerD0Ev
                0x08003e8c       0x20 src/userinterface.o
                0x08003e8c                CommunicationHandler::~CommunicationHandler()
 .text._ZN20CommunicationHandler3runEv
                0x08003eac       0x68 src/userinterface.o
                0x08003eac                CommunicationHandler::run()
 .text._ZN20CommunicationHandler15setStreamBufferEP17StreamBufferDef_t
                0x08003f14       0x1a src/userinterface.o
                0x08003f14                CommunicationHandler::setStreamBuffer(StreamBufferDef_t*)
 .text._ZN20CommunicationHandler4sendEPKci
                0x08003f2e       0xb4 src/userinterface.o
                0x08003f2e                CommunicationHandler::send(char const*, int)
 *fill*         0x08003fe2        0x2 
 .text._ZN20CommunicationHandler21prvCheckExpectedStateEl
                0x08003fe4       0x24 src/userinterface.o
                0x08003fe4                CommunicationHandler::prvCheckExpectedState(long)
 .text._Z41__static_initialization_and_destruction_0ii
                0x08004008       0x34 src/userinterface.o
 .text._GLOBAL__sub_I_ble
                0x0800403c       0x10 src/userinterface.o
 .text._ZN15ArrayManagementC2Ev
                0x0800404c       0x14 src/Parsers/ArrayManagement.o
                0x0800404c                ArrayManagement::ArrayManagement()
                0x0800404c                ArrayManagement::ArrayManagement()
 .text._ZN15ArrayManagement15containsCharAdvEPcPKcii
                0x08004060       0x7e src/Parsers/ArrayManagement.o
                0x08004060                ArrayManagement::containsCharAdv(char*, char const*, int, int)
 .text._ZN15ArrayManagement9toIntegerEPci
                0x080040de      0x1f6 src/Parsers/ArrayManagement.o
                0x080040de                ArrayManagement::toInteger(char*, int)
 .text._ZN15ArrayManagement17copyFromUntilFindEPcS0_iiic
                0x080042d4       0x72 src/Parsers/ArrayManagement.o
                0x080042d4                ArrayManagement::copyFromUntilFind(char*, char*, int, int, int, char)
 .text._ZN15ArrayManagement5splitEPcS0_ci
                0x08004346      0x192 src/Parsers/ArrayManagement.o
                0x08004346                ArrayManagement::split(char*, char*, char, int)
 .text._ZN15ArrayManagement10countCharsEPcci
                0x080044d8       0x48 src/Parsers/ArrayManagement.o
                0x080044d8                ArrayManagement::countChars(char*, char, int)
 .text._ZN15MessageProtocolC2Ev
                0x08004520       0x20 src/Protocols/MessageProtocol.o
                0x08004520                MessageProtocol::MessageProtocol()
                0x08004520                MessageProtocol::MessageProtocol()
 .text._ZN15MessageProtocolD2Ev
                0x08004540       0x20 src/Protocols/MessageProtocol.o
                0x08004540                MessageProtocol::~MessageProtocol()
                0x08004540                MessageProtocol::~MessageProtocol()
 .text._ZN15MessageProtocolD0Ev
                0x08004560       0x20 src/Protocols/MessageProtocol.o
                0x08004560                MessageProtocol::~MessageProtocol()
 .text.Reset_Handler
                0x08004580       0x50 startup/startup_stm32.o
                0x08004580                Reset_Handler
 .text.Default_Handler
                0x080045d0        0x2 startup/startup_stm32.o
                0x080045d0                EXTI2_IRQHandler
                0x080045d0                TIM8_TRG_COM_IRQHandler
                0x080045d0                TIM8_CC_IRQHandler
                0x080045d0                DebugMon_Handler
                0x080045d0                TIM1_CC_IRQHandler
                0x080045d0                HardFault_Handler
                0x080045d0                TIM6_IRQHandler
                0x080045d0                PVD_IRQHandler
                0x080045d0                SDIO_IRQHandler
                0x080045d0                NMI_Handler
                0x080045d0                EXTI3_IRQHandler
                0x080045d0                USB_HP_CAN_TX_IRQHandler
                0x080045d0                EXTI0_IRQHandler
                0x080045d0                I2C2_EV_IRQHandler
                0x080045d0                UsageFault_Handler
                0x080045d0                ADC1_2_IRQHandler
                0x080045d0                SPI1_IRQHandler
                0x080045d0                CAN_SCE_IRQHandler
                0x080045d0                TAMPER_IRQHandler
                0x080045d0                TIM8_UP_IRQHandler
                0x080045d0                DMA2_Channel2_IRQHandler
                0x080045d0                DMA1_Channel4_IRQHandler
                0x080045d0                RTC_IRQHandler
                0x080045d0                DMA1_Channel7_IRQHandler
                0x080045d0                UART5_IRQHandler
                0x080045d0                ADC3_IRQHandler
                0x080045d0                CAN_RX1_IRQHandler
                0x080045d0                DMA2_Channel1_IRQHandler
                0x080045d0                I2C1_EV_IRQHandler
                0x080045d0                DMA1_Channel6_IRQHandler
                0x080045d0                UART4_IRQHandler
                0x080045d0                RCC_IRQHandler
                0x080045d0                TIM1_TRG_COM_IRQHandler
                0x080045d0                DMA1_Channel1_IRQHandler
                0x080045d0                Default_Handler
                0x080045d0                EXTI15_10_IRQHandler
                0x080045d0                TIM7_IRQHandler
                0x080045d0                TIM5_IRQHandler
                0x080045d0                EXTI9_5_IRQHandler
                0x080045d0                SPI2_IRQHandler
                0x080045d0                USB_LP_CAN_RX0_IRQHandler
                0x080045d0                MemManage_Handler
                0x080045d0                DMA1_Channel5_IRQHandler
                0x080045d0                EXTI4_IRQHandler
                0x080045d0                DMA1_Channel3_IRQHandler
                0x080045d0                FSMC_IRQHandler
                0x080045d0                TIM1_UP_IRQHandler
                0x080045d0                WWDG_IRQHandler
                0x080045d0                TIM1_BRK_IRQHandler
                0x080045d0                EXTI1_IRQHandler
                0x080045d0                RTCAlarm_IRQHandler
                0x080045d0                DMA2_Channel4_5_IRQHandler
                0x080045d0                I2C2_ER_IRQHandler
                0x080045d0                DMA1_Channel2_IRQHandler
                0x080045d0                TIM8_BRK_IRQHandler
                0x080045d0                FLASH_IRQHandler
                0x080045d0                BusFault_Handler
                0x080045d0                SPI3_IRQHandler
                0x080045d0                I2C1_ER_IRQHandler
                0x080045d0                DMA2_Channel3_IRQHandler
 *fill*         0x080045d2        0x2 
 .text.__aeabi_atexit
                0x080045d4        0xc c:/ac6/systemworkbench/plugins/fr.ac6.mcu.externaltools.arm-none.win32_1.17.0.201812190825/tools/compiler/bin/../lib/gcc/arm-none-eabi/7.3.1/../../../../arm-none-eabi/lib/thumb/v7-m\libstdc++.a(atexit_arm.o)
                0x080045d4                __aeabi_atexit
 .text._ZdlPvj  0x080045e0        0x4 c:/ac6/systemworkbench/plugins/fr.ac6.mcu.externaltools.arm-none.win32_1.17.0.201812190825/tools/compiler/bin/../lib/gcc/arm-none-eabi/7.3.1/../../../../arm-none-eabi/lib/thumb/v7-m\libstdc++.a(del_ops.o)
                0x080045e0                operator delete(void*, unsigned int)
 .text._ZdlPv   0x080045e4        0x4 c:/ac6/systemworkbench/plugins/fr.ac6.mcu.externaltools.arm-none.win32_1.17.0.201812190825/tools/compiler/bin/../lib/gcc/arm-none-eabi/7.3.1/../../../../arm-none-eabi/lib/thumb/v7-m\libstdc++.a(del_op.o)
                0x080045e4                operator delete(void*)
 .text.__cxa_atexit
                0x080045e8        0xc c:/ac6/systemworkbench/plugins/fr.ac6.mcu.externaltools.arm-none.win32_1.17.0.201812190825/tools/compiler/bin/../lib/gcc/arm-none-eabi/7.3.1/../../../../arm-none-eabi/lib/thumb/v7-m\libc.a(lib_a-cxa_atexit.o)
                0x080045e8                __cxa_atexit
 .text.__errno  0x080045f4        0xc c:/ac6/systemworkbench/plugins/fr.ac6.mcu.externaltools.arm-none.win32_1.17.0.201812190825/tools/compiler/bin/../lib/gcc/arm-none-eabi/7.3.1/../../../../arm-none-eabi/lib/thumb/v7-m\libc.a(lib_a-errno.o)
                0x080045f4                __errno
 .text.__libc_init_array
                0x08004600       0x48 c:/ac6/systemworkbench/plugins/fr.ac6.mcu.externaltools.arm-none.win32_1.17.0.201812190825/tools/compiler/bin/../lib/gcc/arm-none-eabi/7.3.1/../../../../arm-none-eabi/lib/thumb/v7-m\libc.a(lib_a-init.o)
                0x08004600                __libc_init_array
 .text.malloc   0x08004648       0x10 c:/ac6/systemworkbench/plugins/fr.ac6.mcu.externaltools.arm-none.win32_1.17.0.201812190825/tools/compiler/bin/../lib/gcc/arm-none-eabi/7.3.1/../../../../arm-none-eabi/lib/thumb/v7-m\libc.a(lib_a-malloc.o)
                0x08004648                malloc
 .text.free     0x08004658       0x10 c:/ac6/systemworkbench/plugins/fr.ac6.mcu.externaltools.arm-none.win32_1.17.0.201812190825/tools/compiler/bin/../lib/gcc/arm-none-eabi/7.3.1/../../../../arm-none-eabi/lib/thumb/v7-m\libc.a(lib_a-malloc.o)
                0x08004658                free
 .text._malloc_r
                0x08004668      0x524 c:/ac6/systemworkbench/plugins/fr.ac6.mcu.externaltools.arm-none.win32_1.17.0.201812190825/tools/compiler/bin/../lib/gcc/arm-none-eabi/7.3.1/../../../../arm-none-eabi/lib/thumb/v7-m\libc.a(lib_a-mallocr.o)
                0x08004668                _malloc_r
 .text.memset   0x08004b8c       0x94 c:/ac6/systemworkbench/plugins/fr.ac6.mcu.externaltools.arm-none.win32_1.17.0.201812190825/tools/compiler/bin/../lib/gcc/arm-none-eabi/7.3.1/../../../../arm-none-eabi/lib/thumb/v7-m\libc.a(lib_a-memset.o)
                0x08004b8c                memset
 .text.__malloc_lock
                0x08004c20        0xc c:/ac6/systemworkbench/plugins/fr.ac6.mcu.externaltools.arm-none.win32_1.17.0.201812190825/tools/compiler/bin/../lib/gcc/arm-none-eabi/7.3.1/../../../../arm-none-eabi/lib/thumb/v7-m\libc.a(lib_a-mlock.o)
                0x08004c20                __malloc_lock
 .text.__malloc_unlock
                0x08004c2c        0xc c:/ac6/systemworkbench/plugins/fr.ac6.mcu.externaltools.arm-none.win32_1.17.0.201812190825/tools/compiler/bin/../lib/gcc/arm-none-eabi/7.3.1/../../../../arm-none-eabi/lib/thumb/v7-m\libc.a(lib_a-mlock.o)
                0x08004c2c                __malloc_unlock
 .text._sbrk_r  0x08004c38       0x24 c:/ac6/systemworkbench/plugins/fr.ac6.mcu.externaltools.arm-none.win32_1.17.0.201812190825/tools/compiler/bin/../lib/gcc/arm-none-eabi/7.3.1/../../../../arm-none-eabi/lib/thumb/v7-m\libc.a(lib_a-sbrkr.o)
                0x08004c38                _sbrk_r
 .text.strlen   0x08004c5c       0x5c c:/ac6/systemworkbench/plugins/fr.ac6.mcu.externaltools.arm-none.win32_1.17.0.201812190825/tools/compiler/bin/../lib/gcc/arm-none-eabi/7.3.1/../../../../arm-none-eabi/lib/thumb/v7-m\libc.a(lib_a-strlen-stub.o)
                0x08004c5c                strlen
 .text.__register_exitproc
                0x08004cb8       0xc0 c:/ac6/systemworkbench/plugins/fr.ac6.mcu.externaltools.arm-none.win32_1.17.0.201812190825/tools/compiler/bin/../lib/gcc/arm-none-eabi/7.3.1/../../../../arm-none-eabi/lib/thumb/v7-m\libc.a(lib_a-__atexit.o)
                0x08004cb8                __register_exitproc
 .text.startup.register_fini
                0x08004d78       0x14 c:/ac6/systemworkbench/plugins/fr.ac6.mcu.externaltools.arm-none.win32_1.17.0.201812190825/tools/compiler/bin/../lib/gcc/arm-none-eabi/7.3.1/../../../../arm-none-eabi/lib/thumb/v7-m\libc.a(lib_a-__call_atexit.o)
 .text.atexit   0x08004d8c        0xc c:/ac6/systemworkbench/plugins/fr.ac6.mcu.externaltools.arm-none.win32_1.17.0.201812190825/tools/compiler/bin/../lib/gcc/arm-none-eabi/7.3.1/../../../../arm-none-eabi/lib/thumb/v7-m\libc.a(lib_a-atexit.o)
                0x08004d8c                atexit
 .text.__libc_fini_array
                0x08004d98       0x34 c:/ac6/systemworkbench/plugins/fr.ac6.mcu.externaltools.arm-none.win32_1.17.0.201812190825/tools/compiler/bin/../lib/gcc/arm-none-eabi/7.3.1/../../../../arm-none-eabi/lib/thumb/v7-m\libc.a(lib_a-fini.o)
                0x08004d98                __libc_fini_array
 .text._malloc_trim_r
                0x08004dcc       0xa0 c:/ac6/systemworkbench/plugins/fr.ac6.mcu.externaltools.arm-none.win32_1.17.0.201812190825/tools/compiler/bin/../lib/gcc/arm-none-eabi/7.3.1/../../../../arm-none-eabi/lib/thumb/v7-m\libc.a(lib_a-freer.o)
                0x08004dcc                _malloc_trim_r
 .text._free_r  0x08004e6c      0x1e8 c:/ac6/systemworkbench/plugins/fr.ac6.mcu.externaltools.arm-none.win32_1.17.0.201812190825/tools/compiler/bin/../lib/gcc/arm-none-eabi/7.3.1/../../../../arm-none-eabi/lib/thumb/v7-m\libc.a(lib_a-freer.o)
                0x08004e6c                _free_r
 .text.__retarget_lock_acquire_recursive
                0x08005054        0x4 c:/ac6/systemworkbench/plugins/fr.ac6.mcu.externaltools.arm-none.win32_1.17.0.201812190825/tools/compiler/bin/../lib/gcc/arm-none-eabi/7.3.1/../../../../arm-none-eabi/lib/thumb/v7-m\libc.a(lib_a-lock.o)
                0x08005054                __retarget_lock_acquire_recursive
 .text.__retarget_lock_release_recursive
                0x08005058        0x4 c:/ac6/systemworkbench/plugins/fr.ac6.mcu.externaltools.arm-none.win32_1.17.0.201812190825/tools/compiler/bin/../lib/gcc/arm-none-eabi/7.3.1/../../../../arm-none-eabi/lib/thumb/v7-m\libc.a(lib_a-lock.o)
                0x08005058                __retarget_lock_release_recursive
 *(.glue_7)
 .glue_7        0x0800505c        0x0 linker stubs
 *(.glue_7t)
 .glue_7t       0x0800505c        0x0 linker stubs
 *(.eh_frame)
 .eh_frame      0x0800505c        0x0 c:/ac6/systemworkbench/plugins/fr.ac6.mcu.externaltools.arm-none.win32_1.17.0.201812190825/tools/compiler/bin/../lib/gcc/arm-none-eabi/7.3.1/thumb/v7-m/crtbegin.o
 *(.init)
 .init          0x0800505c        0x4 c:/ac6/systemworkbench/plugins/fr.ac6.mcu.externaltools.arm-none.win32_1.17.0.201812190825/tools/compiler/bin/../lib/gcc/arm-none-eabi/7.3.1/thumb/v7-m/crti.o
                0x0800505c                _init
 .init          0x08005060        0x8 c:/ac6/systemworkbench/plugins/fr.ac6.mcu.externaltools.arm-none.win32_1.17.0.201812190825/tools/compiler/bin/../lib/gcc/arm-none-eabi/7.3.1/thumb/v7-m/crtn.o
 *(.fini)
 .fini          0x08005068        0x4 c:/ac6/systemworkbench/plugins/fr.ac6.mcu.externaltools.arm-none.win32_1.17.0.201812190825/tools/compiler/bin/../lib/gcc/arm-none-eabi/7.3.1/thumb/v7-m/crti.o
                0x08005068                _fini
 .fini          0x0800506c        0x8 c:/ac6/systemworkbench/plugins/fr.ac6.mcu.externaltools.arm-none.win32_1.17.0.201812190825/tools/compiler/bin/../lib/gcc/arm-none-eabi/7.3.1/thumb/v7-m/crtn.o
                0x08005074                . = ALIGN (0x4)
                0x08005074                _etext = .

.vfp11_veneer   0x08005074        0x0
 .vfp11_veneer  0x08005074        0x0 linker stubs

.v4_bx          0x08005074        0x0
 .v4_bx         0x08005074        0x0 linker stubs

.iplt           0x08005074        0x0
 .iplt          0x08005074        0x0 c:/ac6/systemworkbench/plugins/fr.ac6.mcu.externaltools.arm-none.win32_1.17.0.201812190825/tools/compiler/bin/../lib/gcc/arm-none-eabi/7.3.1/thumb/v7-m/crtbegin.o

.rodata         0x08005074      0x120
                0x08005074                . = ALIGN (0x4)
 *(.rodata)
 .rodata        0x08005074        0x5 FreeRTOS/src/tasks.o
 *fill*         0x08005079        0x3 
 .rodata        0x0800507c       0x10 src/Handlers/AlarmHandler.o
                0x0800507c                vtable for AlarmHandler
 .rodata        0x0800508c       0x58 src/Handlers/GNSSHandler.o
                0x080050d4                vtable for GNSSHandler
 .rodata        0x080050e4       0x10 src/Handlers/SensorHandler.o
                0x080050e4                vtable for SensorHandler
 .rodata        0x080050f4       0x10 src/Hardware/GPIO.o
                0x080050f4                vtable for GPIO
 .rodata        0x08005104       0x28 src/Logic.o
                0x0800511c                vtable for Logic
 .rodata        0x0800512c       0x44 src/main.o
 .rodata        0x08005170       0x10 src/userinterface.o
                0x08005170                vtable for CommunicationHandler
 .rodata        0x08005180       0x10 src/Protocols/MessageProtocol.o
                0x08005180                vtable for MessageProtocol
 *(.rodata*)
 .rodata._global_impure_ptr
                0x08005190        0x4 c:/ac6/systemworkbench/plugins/fr.ac6.mcu.externaltools.arm-none.win32_1.17.0.201812190825/tools/compiler/bin/../lib/gcc/arm-none-eabi/7.3.1/../../../../arm-none-eabi/lib/thumb/v7-m\libc.a(lib_a-impure.o)
                0x08005190                _global_impure_ptr
                0x08005194                . = ALIGN (0x4)

.ARM.extab      0x08005194        0x0
                0x08005194                . = ALIGN (0x4)
 *(.ARM.extab* .gnu.linkonce.armextab.*)
                0x08005194                . = ALIGN (0x4)

.ARM            0x08005194        0x8
                0x08005194                . = ALIGN (0x4)
                0x08005194                __exidx_start = .
 *(.ARM.exidx*)
 .ARM.exidx.text.__aeabi_atexit
                0x08005194        0x8 c:/ac6/systemworkbench/plugins/fr.ac6.mcu.externaltools.arm-none.win32_1.17.0.201812190825/tools/compiler/bin/../lib/gcc/arm-none-eabi/7.3.1/../../../../arm-none-eabi/lib/thumb/v7-m\libstdc++.a(atexit_arm.o)
 .ARM.exidx.text._ZdlPvj
                0x0800519c        0x0 c:/ac6/systemworkbench/plugins/fr.ac6.mcu.externaltools.arm-none.win32_1.17.0.201812190825/tools/compiler/bin/../lib/gcc/arm-none-eabi/7.3.1/../../../../arm-none-eabi/lib/thumb/v7-m\libstdc++.a(del_ops.o)
                                  0x8 (size before relaxing)
 .ARM.exidx.text._ZdlPv
                0x0800519c        0x0 c:/ac6/systemworkbench/plugins/fr.ac6.mcu.externaltools.arm-none.win32_1.17.0.201812190825/tools/compiler/bin/../lib/gcc/arm-none-eabi/7.3.1/../../../../arm-none-eabi/lib/thumb/v7-m\libstdc++.a(del_op.o)
                                  0x8 (size before relaxing)
                0x0800519c                __exidx_end = .
                0x0800519c                . = ALIGN (0x4)

.rel.dyn        0x0800519c        0x0
 .rel.iplt      0x0800519c        0x0 c:/ac6/systemworkbench/plugins/fr.ac6.mcu.externaltools.arm-none.win32_1.17.0.201812190825/tools/compiler/bin/../lib/gcc/arm-none-eabi/7.3.1/thumb/v7-m/crtbegin.o

.preinit_array  0x0800519c        0x0
                0x0800519c                . = ALIGN (0x4)
                0x0800519c                PROVIDE (__preinit_array_start = .)
 *(.preinit_array*)
                0x0800519c                PROVIDE (__preinit_array_end = .)
                0x0800519c                . = ALIGN (0x4)

.init_array     0x0800519c       0x1c
                0x0800519c                . = ALIGN (0x4)
                0x0800519c                PROVIDE (__init_array_start = .)
 *(SORT_BY_NAME(.init_array.*))
 .init_array.00000
                0x0800519c        0x4 c:/ac6/systemworkbench/plugins/fr.ac6.mcu.externaltools.arm-none.win32_1.17.0.201812190825/tools/compiler/bin/../lib/gcc/arm-none-eabi/7.3.1/../../../../arm-none-eabi/lib/thumb/v7-m\libc.a(lib_a-__call_atexit.o)
 *(.init_array*)
 .init_array    0x080051a0        0x4 c:/ac6/systemworkbench/plugins/fr.ac6.mcu.externaltools.arm-none.win32_1.17.0.201812190825/tools/compiler/bin/../lib/gcc/arm-none-eabi/7.3.1/thumb/v7-m/crtbegin.o
 .init_array    0x080051a4        0x4 src/Drivers/NEOWAYM590.o
 .init_array    0x080051a8        0x4 src/Handlers/GNSSHandler.o
 .init_array    0x080051ac        0x4 src/Logic.o
 .init_array    0x080051b0        0x4 src/main.o
 .init_array    0x080051b4        0x4 src/userinterface.o
                0x080051b8                PROVIDE (__init_array_end = .)
                0x080051b8                . = ALIGN (0x4)

.fini_array     0x080051b8        0x4
                0x080051b8                . = ALIGN (0x4)
                0x080051b8                PROVIDE (__fini_array_start = .)
 *(SORT_BY_NAME(.fini_array.*))
 *(.fini_array*)
 .fini_array    0x080051b8        0x4 c:/ac6/systemworkbench/plugins/fr.ac6.mcu.externaltools.arm-none.win32_1.17.0.201812190825/tools/compiler/bin/../lib/gcc/arm-none-eabi/7.3.1/thumb/v7-m/crtbegin.o
                0x080051bc                PROVIDE (__fini_array_end = .)
                0x080051bc                . = ALIGN (0x4)
                0x080051bc                _sidata = LOADADDR (.data)

.data           0x20000000      0x874 load address 0x080051bc
                0x20000000                . = ALIGN (0x4)
                0x20000000                _sdata = .
 *(.data)
 .data          0x20000000        0x4 c:/ac6/systemworkbench/plugins/fr.ac6.mcu.externaltools.arm-none.win32_1.17.0.201812190825/tools/compiler/bin/../lib/gcc/arm-none-eabi/7.3.1/thumb/v7-m/crtbegin.o
                0x20000000                __dso_handle
 .data          0x20000004        0x4 FreeRTOS/src/port.o
 .data          0x20000008       0x14 StdPeriph_Driver/src/stm32f10x_rcc.o
 .data          0x2000001c       0x14 src/system_stm32f10x.o
                0x2000001c                SystemCoreClock
                0x20000020                AHBPrescTable
 *(.data*)
 .data._impure_ptr
                0x20000030        0x4 c:/ac6/systemworkbench/plugins/fr.ac6.mcu.externaltools.arm-none.win32_1.17.0.201812190825/tools/compiler/bin/../lib/gcc/arm-none-eabi/7.3.1/../../../../arm-none-eabi/lib/thumb/v7-m\libc.a(lib_a-impure.o)
                0x20000030                _impure_ptr
 *fill*         0x20000034        0x4 
 .data.impure_data
                0x20000038      0x428 c:/ac6/systemworkbench/plugins/fr.ac6.mcu.externaltools.arm-none.win32_1.17.0.201812190825/tools/compiler/bin/../lib/gcc/arm-none-eabi/7.3.1/../../../../arm-none-eabi/lib/thumb/v7-m\libc.a(lib_a-impure.o)
 .data.__malloc_av_
                0x20000460      0x408 c:/ac6/systemworkbench/plugins/fr.ac6.mcu.externaltools.arm-none.win32_1.17.0.201812190825/tools/compiler/bin/../lib/gcc/arm-none-eabi/7.3.1/../../../../arm-none-eabi/lib/thumb/v7-m\libc.a(lib_a-mallocr.o)
                0x20000460                __malloc_av_
 .data.__malloc_sbrk_base
                0x20000868        0x4 c:/ac6/systemworkbench/plugins/fr.ac6.mcu.externaltools.arm-none.win32_1.17.0.201812190825/tools/compiler/bin/../lib/gcc/arm-none-eabi/7.3.1/../../../../arm-none-eabi/lib/thumb/v7-m\libc.a(lib_a-mallocr.o)
                0x20000868                __malloc_sbrk_base
 .data.__malloc_trim_threshold
                0x2000086c        0x4 c:/ac6/systemworkbench/plugins/fr.ac6.mcu.externaltools.arm-none.win32_1.17.0.201812190825/tools/compiler/bin/../lib/gcc/arm-none-eabi/7.3.1/../../../../arm-none-eabi/lib/thumb/v7-m\libc.a(lib_a-mallocr.o)
                0x2000086c                __malloc_trim_threshold
 .data.__atexit_recursive_mutex
                0x20000870        0x4 c:/ac6/systemworkbench/plugins/fr.ac6.mcu.externaltools.arm-none.win32_1.17.0.201812190825/tools/compiler/bin/../lib/gcc/arm-none-eabi/7.3.1/../../../../arm-none-eabi/lib/thumb/v7-m\libc.a(lib_a-__call_atexit.o)
                0x20000870                __atexit_recursive_mutex
                0x20000874                . = ALIGN (0x4)
                0x20000874                _edata = .

.igot.plt       0x20000874        0x0 load address 0x08005a30
 .igot.plt      0x20000874        0x0 c:/ac6/systemworkbench/plugins/fr.ac6.mcu.externaltools.arm-none.win32_1.17.0.201812190825/tools/compiler/bin/../lib/gcc/arm-none-eabi/7.3.1/thumb/v7-m/crtbegin.o
                0x20000874                . = ALIGN (0x4)

.bss            0x20000874     0x350c load address 0x08005a30
                0x20000874                _sbss = .
                0x20000874                __bss_start__ = _sbss
 *(.bss)
 .bss           0x20000874       0x1c c:/ac6/systemworkbench/plugins/fr.ac6.mcu.externaltools.arm-none.win32_1.17.0.201812190825/tools/compiler/bin/../lib/gcc/arm-none-eabi/7.3.1/thumb/v7-m/crtbegin.o
 .bss           0x20000890     0x3008 FreeRTOS/src/heap_1.o
 .bss           0x20003898      0x104 FreeRTOS/src/tasks.o
                0x20003898                pxCurrentTCB
 .bss           0x2000399c        0x1 src/Drivers/NEOWAYM590.o
                0x2000399c                usartGSM
 *fill*         0x2000399d        0x3 
 .bss           0x200039a0        0x5 src/Handlers/GNSSHandler.o
                0x200039a0                gnss
                0x200039a4                debug_gnss
 *fill*         0x200039a5        0x3 
 .bss           0x200039a8        0x4 src/Hardware/GPIO.o
                0x200039a8                GPIO_InitStruct_GPIO
 .bss           0x200039ac       0x34 src/Hardware/Timers.o
                0x200039ac                Timers::timer_sTicks
                0x200039b0                Timers::timer_msTicks
                0x200039b4                Timers::timer_usTicks
                0x200039b8                Timers::taskArray
 .bss           0x200039e0      0x154 src/Hardware/USART.o
                0x200039e0                GPIO_InitStructureUSART
                0x200039e4                USART_InitStructure
                0x200039f4                NVIC_InitStructure
                0x200039f8                USART::buffer1
                0x20003a5c                USART::buffer2
                0x20003ac0                USART::buffer3
                0x20003b24                USART::rxFlag1
                0x20003b25                USART::rxFlag2
                0x20003b26                USART::rxFlag3
                0x20003b28                USART::bPoll1
                0x20003b2c                USART::bPoll2
                0x20003b30                USART::bPoll3
 .bss           0x20003b34        0x1 src/Logic.o
                0x20003b34                debugLogic
 *fill*         0x20003b35        0x3 
 .bss           0x20003b38      0x1d9 src/main.o
                0x20003b38                TaskSensors
                0x20003b3c                TaskUI
                0x20003b40                TaskLogic
                0x20003b44                TaskAlarm
                0x20003b48                gpio
                0x20003b4c                logic
                0x20003bf8                sensorsHandler
                0x20003ce8                alarmHandler
                0x20003cf0                communicationHandler
                0x20003d0c                queue
                0x20003d10                debug
 *fill*         0x20003d11        0x3 
 .bss           0x20003d14        0x8 src/syscalls.o
                0x20003d14                __env
 .bss           0x20003d1c        0x8 src/userinterface.o
                0x20003d1c                ble
 *(.bss*)
 .bss.__malloc_current_mallinfo
                0x20003d24       0x28 c:/ac6/systemworkbench/plugins/fr.ac6.mcu.externaltools.arm-none.win32_1.17.0.201812190825/tools/compiler/bin/../lib/gcc/arm-none-eabi/7.3.1/../../../../arm-none-eabi/lib/thumb/v7-m\libc.a(lib_a-mallocr.o)
                0x20003d24                __malloc_current_mallinfo
 .bss.__malloc_max_sbrked_mem
                0x20003d4c        0x4 c:/ac6/systemworkbench/plugins/fr.ac6.mcu.externaltools.arm-none.win32_1.17.0.201812190825/tools/compiler/bin/../lib/gcc/arm-none-eabi/7.3.1/../../../../arm-none-eabi/lib/thumb/v7-m\libc.a(lib_a-mallocr.o)
                0x20003d4c                __malloc_max_sbrked_mem
 .bss.__malloc_max_total_mem
                0x20003d50        0x4 c:/ac6/systemworkbench/plugins/fr.ac6.mcu.externaltools.arm-none.win32_1.17.0.201812190825/tools/compiler/bin/../lib/gcc/arm-none-eabi/7.3.1/../../../../arm-none-eabi/lib/thumb/v7-m\libc.a(lib_a-mallocr.o)
                0x20003d50                __malloc_max_total_mem
 .bss.__malloc_top_pad
                0x20003d54        0x4 c:/ac6/systemworkbench/plugins/fr.ac6.mcu.externaltools.arm-none.win32_1.17.0.201812190825/tools/compiler/bin/../lib/gcc/arm-none-eabi/7.3.1/../../../../arm-none-eabi/lib/thumb/v7-m\libc.a(lib_a-mallocr.o)
                0x20003d54                __malloc_top_pad
 *(COMMON)
 COMMON         0x20003d58       0x21 c:/ac6/systemworkbench/plugins/fr.ac6.mcu.externaltools.arm-none.win32_1.17.0.201812190825/tools/compiler/bin/../lib/gcc/arm-none-eabi/7.3.1/../../../../arm-none-eabi/lib/thumb/v7-m\libc.a(lib_a-lock.o)
                0x20003d58                __lock___atexit_recursive_mutex
                0x20003d5c                __lock___arc4random_mutex
                0x20003d60                __lock___env_recursive_mutex
                0x20003d64                __lock___sinit_recursive_mutex
                0x20003d68                __lock___malloc_recursive_mutex
                0x20003d6c                __lock___at_quick_exit_mutex
                0x20003d70                __lock___dd_hash_mutex
                0x20003d74                __lock___tz_mutex
                0x20003d78                __lock___sfp_recursive_mutex
 *fill*         0x20003d79        0x3 
 COMMON         0x20003d7c        0x4 c:/ac6/systemworkbench/plugins/fr.ac6.mcu.externaltools.arm-none.win32_1.17.0.201812190825/tools/compiler/bin/../lib/gcc/arm-none-eabi/7.3.1/../../../../arm-none-eabi/lib/thumb/v7-m\libc.a(lib_a-reent.o)
                0x20003d7c                errno
                0x20003d80                . = ALIGN (0x4)
                0x20003d80                _ebss = .
                0x20003d80                __bss_end__ = _ebss

._user_heap_stack
                0x20003d80      0x400 load address 0x08005a30
                0x20003d80                . = ALIGN (0x8)
                0x20003d80                PROVIDE (end = .)
                [!provide]                PROVIDE (_end = .)
                0x20003d80                . = (. + _Min_Heap_Size)
                0x20004180                . = (. + _Min_Stack_Size)
 *fill*         0x20003d80      0x400 
                0x20004180                . = ALIGN (0x8)

/DISCARD/
 libc.a(*)
 libm.a(*)
 libgcc.a(*)

.ARM.attributes
                0x00000000       0x29
 *(.ARM.attributes)
 .ARM.attributes
                0x00000000       0x1d c:/ac6/systemworkbench/plugins/fr.ac6.mcu.externaltools.arm-none.win32_1.17.0.201812190825/tools/compiler/bin/../lib/gcc/arm-none-eabi/7.3.1/thumb/v7-m/crti.o
 .ARM.attributes
                0x0000001d       0x2d c:/ac6/systemworkbench/plugins/fr.ac6.mcu.externaltools.arm-none.win32_1.17.0.201812190825/tools/compiler/bin/../lib/gcc/arm-none-eabi/7.3.1/thumb/v7-m/crtbegin.o
 .ARM.attributes
                0x0000004a       0x33 FreeRTOS/src/heap_1.o
 .ARM.attributes
                0x0000007d       0x33 FreeRTOS/src/list.o
 .ARM.attributes
                0x000000b0       0x33 FreeRTOS/src/port.o
 .ARM.attributes
                0x000000e3       0x33 FreeRTOS/src/queue.o
 .ARM.attributes
                0x00000116       0x33 FreeRTOS/src/stream_buffer.o
 .ARM.attributes
                0x00000149       0x33 FreeRTOS/src/tasks.o
 .ARM.attributes
                0x0000017c       0x33 StdPeriph_Driver/src/misc.o
 .ARM.attributes
                0x000001af       0x33 StdPeriph_Driver/src/stm32f10x_gpio.o
 .ARM.attributes
                0x000001e2       0x33 StdPeriph_Driver/src/stm32f10x_rcc.o
 .ARM.attributes
                0x00000215       0x33 StdPeriph_Driver/src/stm32f10x_tim.o
 .ARM.attributes
                0x00000248       0x33 StdPeriph_Driver/src/stm32f10x_usart.o
 .ARM.attributes
                0x0000027b       0x33 src/Drivers/NEOWAYM590.o
 .ARM.attributes
                0x000002ae       0x33 src/Handlers/AlarmHandler.o
 .ARM.attributes
                0x000002e1       0x33 src/Handlers/GNSSHandler.o
 .ARM.attributes
                0x00000314       0x33 src/Handlers/SensorHandler.o
 .ARM.attributes
                0x00000347       0x33 src/Hardware/GPIO.o
 .ARM.attributes
                0x0000037a       0x33 src/Hardware/Timers.o
 .ARM.attributes
                0x000003ad       0x33 src/Hardware/USART.o
 .ARM.attributes
                0x000003e0       0x33 src/Logic.o
 .ARM.attributes
                0x00000413       0x33 src/main.o
 .ARM.attributes
                0x00000446       0x33 src/syscalls.o
 .ARM.attributes
                0x00000479       0x33 src/system_stm32f10x.o
 .ARM.attributes
                0x000004ac       0x33 src/userinterface.o
 .ARM.attributes
                0x000004df       0x33 src/Parsers/ArrayManagement.o
 .ARM.attributes
                0x00000512       0x33 src/Protocols/MessageProtocol.o
 .ARM.attributes
                0x00000545       0x21 startup/startup_stm32.o
 .ARM.attributes
                0x00000566       0x2d c:/ac6/systemworkbench/plugins/fr.ac6.mcu.externaltools.arm-none.win32_1.17.0.201812190825/tools/compiler/bin/../lib/gcc/arm-none-eabi/7.3.1/../../../../arm-none-eabi/lib/thumb/v7-m\libstdc++.a(atexit_arm.o)
 .ARM.attributes
                0x00000593       0x2d c:/ac6/systemworkbench/plugins/fr.ac6.mcu.externaltools.arm-none.win32_1.17.0.201812190825/tools/compiler/bin/../lib/gcc/arm-none-eabi/7.3.1/../../../../arm-none-eabi/lib/thumb/v7-m\libstdc++.a(del_ops.o)
 .ARM.attributes
                0x000005c0       0x2d c:/ac6/systemworkbench/plugins/fr.ac6.mcu.externaltools.arm-none.win32_1.17.0.201812190825/tools/compiler/bin/../lib/gcc/arm-none-eabi/7.3.1/../../../../arm-none-eabi/lib/thumb/v7-m\libstdc++.a(del_op.o)
 .ARM.attributes
                0x000005ed       0x2d c:/ac6/systemworkbench/plugins/fr.ac6.mcu.externaltools.arm-none.win32_1.17.0.201812190825/tools/compiler/bin/../lib/gcc/arm-none-eabi/7.3.1/../../../../arm-none-eabi/lib/thumb/v7-m\libc.a(lib_a-cxa_atexit.o)
 .ARM.attributes
                0x0000061a       0x2d c:/ac6/systemworkbench/plugins/fr.ac6.mcu.externaltools.arm-none.win32_1.17.0.201812190825/tools/compiler/bin/../lib/gcc/arm-none-eabi/7.3.1/../../../../arm-none-eabi/lib/thumb/v7-m\libc.a(lib_a-errno.o)
 .ARM.attributes
                0x00000647       0x2d c:/ac6/systemworkbench/plugins/fr.ac6.mcu.externaltools.arm-none.win32_1.17.0.201812190825/tools/compiler/bin/../lib/gcc/arm-none-eabi/7.3.1/../../../../arm-none-eabi/lib/thumb/v7-m\libc.a(lib_a-impure.o)
 .ARM.attributes
                0x00000674       0x2d c:/ac6/systemworkbench/plugins/fr.ac6.mcu.externaltools.arm-none.win32_1.17.0.201812190825/tools/compiler/bin/../lib/gcc/arm-none-eabi/7.3.1/../../../../arm-none-eabi/lib/thumb/v7-m\libc.a(lib_a-init.o)
 .ARM.attributes
                0x000006a1       0x2d c:/ac6/systemworkbench/plugins/fr.ac6.mcu.externaltools.arm-none.win32_1.17.0.201812190825/tools/compiler/bin/../lib/gcc/arm-none-eabi/7.3.1/../../../../arm-none-eabi/lib/thumb/v7-m\libc.a(lib_a-malloc.o)
 .ARM.attributes
                0x000006ce       0x2d c:/ac6/systemworkbench/plugins/fr.ac6.mcu.externaltools.arm-none.win32_1.17.0.201812190825/tools/compiler/bin/../lib/gcc/arm-none-eabi/7.3.1/../../../../arm-none-eabi/lib/thumb/v7-m\libc.a(lib_a-mallocr.o)
 .ARM.attributes
                0x000006fb       0x1b c:/ac6/systemworkbench/plugins/fr.ac6.mcu.externaltools.arm-none.win32_1.17.0.201812190825/tools/compiler/bin/../lib/gcc/arm-none-eabi/7.3.1/../../../../arm-none-eabi/lib/thumb/v7-m\libc.a(lib_a-memcpy.o)
 .ARM.attributes
                0x00000716       0x2d c:/ac6/systemworkbench/plugins/fr.ac6.mcu.externaltools.arm-none.win32_1.17.0.201812190825/tools/compiler/bin/../lib/gcc/arm-none-eabi/7.3.1/../../../../arm-none-eabi/lib/thumb/v7-m\libc.a(lib_a-memset.o)
 .ARM.attributes
                0x00000743       0x2d c:/ac6/systemworkbench/plugins/fr.ac6.mcu.externaltools.arm-none.win32_1.17.0.201812190825/tools/compiler/bin/../lib/gcc/arm-none-eabi/7.3.1/../../../../arm-none-eabi/lib/thumb/v7-m\libc.a(lib_a-mlock.o)
 .ARM.attributes
                0x00000770       0x2d c:/ac6/systemworkbench/plugins/fr.ac6.mcu.externaltools.arm-none.win32_1.17.0.201812190825/tools/compiler/bin/../lib/gcc/arm-none-eabi/7.3.1/../../../../arm-none-eabi/lib/thumb/v7-m\libc.a(lib_a-sbrkr.o)
 .ARM.attributes
                0x0000079d       0x2d c:/ac6/systemworkbench/plugins/fr.ac6.mcu.externaltools.arm-none.win32_1.17.0.201812190825/tools/compiler/bin/../lib/gcc/arm-none-eabi/7.3.1/../../../../arm-none-eabi/lib/thumb/v7-m\libc.a(lib_a-strlen-stub.o)
 .ARM.attributes
                0x000007ca       0x2d c:/ac6/systemworkbench/plugins/fr.ac6.mcu.externaltools.arm-none.win32_1.17.0.201812190825/tools/compiler/bin/../lib/gcc/arm-none-eabi/7.3.1/../../../../arm-none-eabi/lib/thumb/v7-m\libc.a(lib_a-__atexit.o)
 .ARM.attributes
                0x000007f7       0x2d c:/ac6/systemworkbench/plugins/fr.ac6.mcu.externaltools.arm-none.win32_1.17.0.201812190825/tools/compiler/bin/../lib/gcc/arm-none-eabi/7.3.1/../../../../arm-none-eabi/lib/thumb/v7-m\libc.a(lib_a-__call_atexit.o)
 .ARM.attributes
                0x00000824       0x2d c:/ac6/systemworkbench/plugins/fr.ac6.mcu.externaltools.arm-none.win32_1.17.0.201812190825/tools/compiler/bin/../lib/gcc/arm-none-eabi/7.3.1/../../../../arm-none-eabi/lib/thumb/v7-m\libc.a(lib_a-atexit.o)
 .ARM.attributes
                0x00000851       0x2d c:/ac6/systemworkbench/plugins/fr.ac6.mcu.externaltools.arm-none.win32_1.17.0.201812190825/tools/compiler/bin/../lib/gcc/arm-none-eabi/7.3.1/../../../../arm-none-eabi/lib/thumb/v7-m\libc.a(lib_a-fini.o)
 .ARM.attributes
                0x0000087e       0x2d c:/ac6/systemworkbench/plugins/fr.ac6.mcu.externaltools.arm-none.win32_1.17.0.201812190825/tools/compiler/bin/../lib/gcc/arm-none-eabi/7.3.1/../../../../arm-none-eabi/lib/thumb/v7-m\libc.a(lib_a-freer.o)
 .ARM.attributes
                0x000008ab       0x2d c:/ac6/systemworkbench/plugins/fr.ac6.mcu.externaltools.arm-none.win32_1.17.0.201812190825/tools/compiler/bin/../lib/gcc/arm-none-eabi/7.3.1/../../../../arm-none-eabi/lib/thumb/v7-m\libc.a(lib_a-lock.o)
 .ARM.attributes
                0x000008d8       0x2d c:/ac6/systemworkbench/plugins/fr.ac6.mcu.externaltools.arm-none.win32_1.17.0.201812190825/tools/compiler/bin/../lib/gcc/arm-none-eabi/7.3.1/../../../../arm-none-eabi/lib/thumb/v7-m\libc.a(lib_a-reent.o)
 .ARM.attributes
                0x00000905       0x1d c:/ac6/systemworkbench/plugins/fr.ac6.mcu.externaltools.arm-none.win32_1.17.0.201812190825/tools/compiler/bin/../lib/gcc/arm-none-eabi/7.3.1/thumb/v7-m/crtn.o
OUTPUT(Cartracker_FreeRTOS.elf elf32-littlearm)

.debug_info     0x00000000    0x15be5
 .debug_info    0x00000000      0x9a0 FreeRTOS/src/heap_1.o
 .debug_info    0x000009a0      0xad0 FreeRTOS/src/list.o
 .debug_info    0x00001470      0x2df FreeRTOS/src/port.o
 .debug_info    0x0000174f     0x1837 FreeRTOS/src/queue.o
 .debug_info    0x00002f86     0x1523 FreeRTOS/src/stream_buffer.o
 .debug_info    0x000044a9     0x20f4 FreeRTOS/src/tasks.o
 .debug_info    0x0000659d      0x4e7 StdPeriph_Driver/src/misc.o
 .debug_info    0x00006a84      0x6ec StdPeriph_Driver/src/stm32f10x_gpio.o
 .debug_info    0x00007170      0x89c StdPeriph_Driver/src/stm32f10x_rcc.o
 .debug_info    0x00007a0c     0x1c54 StdPeriph_Driver/src/stm32f10x_tim.o
 .debug_info    0x00009660      0x9e4 StdPeriph_Driver/src/stm32f10x_usart.o
 .debug_info    0x0000a044     0x12ae src/Drivers/NEOWAYM590.o
 .debug_info    0x0000b2f2      0x29e src/Handlers/AlarmHandler.o
 .debug_info    0x0000b590      0xbcd src/Handlers/GNSSHandler.o
 .debug_info    0x0000c15d      0x2f1 src/Handlers/SensorHandler.o
 .debug_info    0x0000c44e     0x1113 src/Hardware/GPIO.o
 .debug_info    0x0000d561      0xc2b src/Hardware/Timers.o
 .debug_info    0x0000e18c      0xdaa src/Hardware/USART.o
 .debug_info    0x0000ef36     0x15eb src/Logic.o
 .debug_info    0x00010521     0x1591 src/main.o
 .debug_info    0x00011ab2      0xf2e src/syscalls.o
 .debug_info    0x000129e0      0x450 src/system_stm32f10x.o
 .debug_info    0x00012e30     0x1689 src/userinterface.o
 .debug_info    0x000144b9     0x1560 src/Parsers/ArrayManagement.o
 .debug_info    0x00015a19      0x1aa src/Protocols/MessageProtocol.o
 .debug_info    0x00015bc3       0x22 startup/startup_stm32.o

.debug_abbrev   0x00000000     0x4460
 .debug_abbrev  0x00000000      0x22e FreeRTOS/src/heap_1.o
 .debug_abbrev  0x0000022e      0x205 FreeRTOS/src/list.o
 .debug_abbrev  0x00000433      0x1cb FreeRTOS/src/port.o
 .debug_abbrev  0x000005fe      0x321 FreeRTOS/src/queue.o
 .debug_abbrev  0x0000091f      0x32e FreeRTOS/src/stream_buffer.o
 .debug_abbrev  0x00000c4d      0x388 FreeRTOS/src/tasks.o
 .debug_abbrev  0x00000fd5      0x186 StdPeriph_Driver/src/misc.o
 .debug_abbrev  0x0000115b      0x1e4 StdPeriph_Driver/src/stm32f10x_gpio.o
 .debug_abbrev  0x0000133f      0x1d4 StdPeriph_Driver/src/stm32f10x_rcc.o
 .debug_abbrev  0x00001513      0x1c8 StdPeriph_Driver/src/stm32f10x_tim.o
 .debug_abbrev  0x000016db      0x194 StdPeriph_Driver/src/stm32f10x_usart.o
 .debug_abbrev  0x0000186f      0x405 src/Drivers/NEOWAYM590.o
 .debug_abbrev  0x00001c74      0x1d4 src/Handlers/AlarmHandler.o
 .debug_abbrev  0x00001e48      0x2fc src/Handlers/GNSSHandler.o
 .debug_abbrev  0x00002144      0x1f2 src/Handlers/SensorHandler.o
 .debug_abbrev  0x00002336      0x3cc src/Hardware/GPIO.o
 .debug_abbrev  0x00002702      0x391 src/Hardware/Timers.o
 .debug_abbrev  0x00002a93      0x337 src/Hardware/USART.o
 .debug_abbrev  0x00002dca      0x4a0 src/Logic.o
 .debug_abbrev  0x0000326a      0x3f2 src/main.o
 .debug_abbrev  0x0000365c      0x2aa src/syscalls.o
 .debug_abbrev  0x00003906      0x19e src/system_stm32f10x.o
 .debug_abbrev  0x00003aa4      0x4e9 src/userinterface.o
 .debug_abbrev  0x00003f8d      0x379 src/Parsers/ArrayManagement.o
 .debug_abbrev  0x00004306      0x148 src/Protocols/MessageProtocol.o
 .debug_abbrev  0x0000444e       0x12 startup/startup_stm32.o

.debug_aranges  0x00000000     0x10f8
 .debug_aranges
                0x00000000       0x38 FreeRTOS/src/heap_1.o
 .debug_aranges
                0x00000038       0x40 FreeRTOS/src/list.o
 .debug_aranges
                0x00000078       0x70 FreeRTOS/src/port.o
 .debug_aranges
                0x000000e8      0x110 FreeRTOS/src/queue.o
 .debug_aranges
                0x000001f8       0xd8 FreeRTOS/src/stream_buffer.o
 .debug_aranges
                0x000002d0      0x1d8 FreeRTOS/src/tasks.o
 .debug_aranges
                0x000004a8       0x40 StdPeriph_Driver/src/misc.o
 .debug_aranges
                0x000004e8       0xa8 StdPeriph_Driver/src/stm32f10x_gpio.o
 .debug_aranges
                0x00000590      0x118 StdPeriph_Driver/src/stm32f10x_rcc.o
 .debug_aranges
                0x000006a8      0x2f0 StdPeriph_Driver/src/stm32f10x_tim.o
 .debug_aranges
                0x00000998      0x100 StdPeriph_Driver/src/stm32f10x_usart.o
 .debug_aranges
                0x00000a98       0x98 src/Drivers/NEOWAYM590.o
 .debug_aranges
                0x00000b30       0x40 src/Handlers/AlarmHandler.o
 .debug_aranges
                0x00000b70       0x70 src/Handlers/GNSSHandler.o
 .debug_aranges
                0x00000be0       0x48 src/Handlers/SensorHandler.o
 .debug_aranges
                0x00000c28       0x80 src/Hardware/GPIO.o
 .debug_aranges
                0x00000ca8       0x90 src/Hardware/Timers.o
 .debug_aranges
                0x00000d38       0xb8 src/Hardware/USART.o
 .debug_aranges
                0x00000df0       0x60 src/Logic.o
 .debug_aranges
                0x00000e50       0x60 src/main.o
 .debug_aranges
                0x00000eb0       0xb0 src/syscalls.o
 .debug_aranges
                0x00000f60       0x38 src/system_stm32f10x.o
 .debug_aranges
                0x00000f98       0x68 src/userinterface.o
 .debug_aranges
                0x00001000       0xa0 src/Parsers/ArrayManagement.o
 .debug_aranges
                0x000010a0       0x30 src/Protocols/MessageProtocol.o
 .debug_aranges
                0x000010d0       0x28 startup/startup_stm32.o

.debug_ranges   0x00000000      0xf60
 .debug_ranges  0x00000000       0x28 FreeRTOS/src/heap_1.o
 .debug_ranges  0x00000028       0x30 FreeRTOS/src/list.o
 .debug_ranges  0x00000058       0x60 FreeRTOS/src/port.o
 .debug_ranges  0x000000b8      0x100 FreeRTOS/src/queue.o
 .debug_ranges  0x000001b8       0xc8 FreeRTOS/src/stream_buffer.o
 .debug_ranges  0x00000280      0x1c8 FreeRTOS/src/tasks.o
 .debug_ranges  0x00000448       0x30 StdPeriph_Driver/src/misc.o
 .debug_ranges  0x00000478       0x98 StdPeriph_Driver/src/stm32f10x_gpio.o
 .debug_ranges  0x00000510      0x108 StdPeriph_Driver/src/stm32f10x_rcc.o
 .debug_ranges  0x00000618      0x2e0 StdPeriph_Driver/src/stm32f10x_tim.o
 .debug_ranges  0x000008f8       0xf0 StdPeriph_Driver/src/stm32f10x_usart.o
 .debug_ranges  0x000009e8       0x88 src/Drivers/NEOWAYM590.o
 .debug_ranges  0x00000a70       0x30 src/Handlers/AlarmHandler.o
 .debug_ranges  0x00000aa0       0x60 src/Handlers/GNSSHandler.o
 .debug_ranges  0x00000b00       0x38 src/Handlers/SensorHandler.o
 .debug_ranges  0x00000b38       0x70 src/Hardware/GPIO.o
 .debug_ranges  0x00000ba8       0x80 src/Hardware/Timers.o
 .debug_ranges  0x00000c28       0xa8 src/Hardware/USART.o
 .debug_ranges  0x00000cd0       0x50 src/Logic.o
 .debug_ranges  0x00000d20       0x50 src/main.o
 .debug_ranges  0x00000d70       0xa0 src/syscalls.o
 .debug_ranges  0x00000e10       0x28 src/system_stm32f10x.o
 .debug_ranges  0x00000e38       0x58 src/userinterface.o
 .debug_ranges  0x00000e90       0x90 src/Parsers/ArrayManagement.o
 .debug_ranges  0x00000f20       0x20 src/Protocols/MessageProtocol.o
 .debug_ranges  0x00000f40       0x20 startup/startup_stm32.o

.debug_macro    0x00000000    0x136ce
 .debug_macro   0x00000000      0x19b FreeRTOS/src/heap_1.o
 .debug_macro   0x0000019b      0x17a FreeRTOS/src/list.o
 .debug_macro   0x00000315      0x172 FreeRTOS/src/port.o
 .debug_macro   0x00000487      0x204 FreeRTOS/src/queue.o
 .debug_macro   0x0000068b       0x16 FreeRTOS/src/queue.o
 .debug_macro   0x000006a1       0x35 FreeRTOS/src/queue.o
 .debug_macro   0x000006d6       0x80 FreeRTOS/src/queue.o
 .debug_macro   0x00000756      0x1ce FreeRTOS/src/stream_buffer.o
 .debug_macro   0x00000924       0x5e FreeRTOS/src/stream_buffer.o
 .debug_macro   0x00000982       0x10 FreeRTOS/src/stream_buffer.o
 .debug_macro   0x00000992       0x18 FreeRTOS/src/stream_buffer.o
 .debug_macro   0x000009aa      0x267 FreeRTOS/src/tasks.o
 .debug_macro   0x00000c11       0x10 FreeRTOS/src/tasks.o
 .debug_macro   0x00000c21      0x18b StdPeriph_Driver/src/misc.o
 .debug_macro   0x00000dac       0x56 StdPeriph_Driver/src/misc.o
 .debug_macro   0x00000e02       0x22 StdPeriph_Driver/src/misc.o
 .debug_macro   0x00000e24      0x69f StdPeriph_Driver/src/misc.o
 .debug_macro   0x000014c3     0x7dbe StdPeriph_Driver/src/misc.o
 .debug_macro   0x00009281      0x2df StdPeriph_Driver/src/misc.o
 .debug_macro   0x00009560      0x144 StdPeriph_Driver/src/misc.o
 .debug_macro   0x000096a4      0x3cf StdPeriph_Driver/src/misc.o
 .debug_macro   0x00009a73       0xc8 StdPeriph_Driver/src/misc.o
 .debug_macro   0x00009b3b      0x17a StdPeriph_Driver/src/misc.o
 .debug_macro   0x00009cb5       0xac StdPeriph_Driver/src/misc.o
 .debug_macro   0x00009d61      0x3ad StdPeriph_Driver/src/misc.o
 .debug_macro   0x0000a10e       0x9a StdPeriph_Driver/src/misc.o
 .debug_macro   0x0000a1a8      0x2cf StdPeriph_Driver/src/misc.o
 .debug_macro   0x0000a477      0x279 StdPeriph_Driver/src/misc.o
 .debug_macro   0x0000a6f0      0x2ac StdPeriph_Driver/src/misc.o
 .debug_macro   0x0000a99c      0x2b1 StdPeriph_Driver/src/misc.o
 .debug_macro   0x0000ac4d       0x64 StdPeriph_Driver/src/misc.o
 .debug_macro   0x0000acb1       0x82 StdPeriph_Driver/src/misc.o
 .debug_macro   0x0000ad33      0x3e2 StdPeriph_Driver/src/misc.o
 .debug_macro   0x0000b115       0x58 StdPeriph_Driver/src/misc.o
 .debug_macro   0x0000b16d      0x341 StdPeriph_Driver/src/misc.o
 .debug_macro   0x0000b4ae      0x2c4 StdPeriph_Driver/src/misc.o
 .debug_macro   0x0000b772      0x711 StdPeriph_Driver/src/misc.o
 .debug_macro   0x0000be83      0x220 StdPeriph_Driver/src/misc.o
 .debug_macro   0x0000c0a3       0x34 StdPeriph_Driver/src/misc.o
 .debug_macro   0x0000c0d7       0x35 StdPeriph_Driver/src/misc.o
 .debug_macro   0x0000c10c       0x85 StdPeriph_Driver/src/misc.o
 .debug_macro   0x0000c191      0x1d7 StdPeriph_Driver/src/stm32f10x_gpio.o
 .debug_macro   0x0000c368      0x2a6 StdPeriph_Driver/src/stm32f10x_gpio.o
 .debug_macro   0x0000c60e      0x2a1 StdPeriph_Driver/src/stm32f10x_rcc.o
 .debug_macro   0x0000c8af      0x3dc StdPeriph_Driver/src/stm32f10x_rcc.o
 .debug_macro   0x0000cc8b      0x1a1 StdPeriph_Driver/src/stm32f10x_tim.o
 .debug_macro   0x0000ce2c      0x70b StdPeriph_Driver/src/stm32f10x_tim.o
 .debug_macro   0x0000d537      0x23d StdPeriph_Driver/src/stm32f10x_usart.o
 .debug_macro   0x0000d774      0x21a StdPeriph_Driver/src/stm32f10x_usart.o
 .debug_macro   0x0000d98e      0x327 src/Drivers/NEOWAYM590.o
 .debug_macro   0x0000dcb5      0xb44 src/Drivers/NEOWAYM590.o
 .debug_macro   0x0000e7f9       0x1c src/Drivers/NEOWAYM590.o
 .debug_macro   0x0000e815      0x69f src/Drivers/NEOWAYM590.o
 .debug_macro   0x0000eeb4       0xbe src/Drivers/NEOWAYM590.o
 .debug_macro   0x0000ef72       0x34 src/Drivers/NEOWAYM590.o
 .debug_macro   0x0000efa6       0x16 src/Drivers/NEOWAYM590.o
 .debug_macro   0x0000efbc       0x97 src/Drivers/NEOWAYM590.o
 .debug_macro   0x0000f053      0x353 src/Drivers/NEOWAYM590.o
 .debug_macro   0x0000f3a6      0x104 src/Drivers/NEOWAYM590.o
 .debug_macro   0x0000f4aa       0x10 src/Drivers/NEOWAYM590.o
 .debug_macro   0x0000f4ba       0x43 src/Drivers/NEOWAYM590.o
 .debug_macro   0x0000f4fd       0x10 src/Drivers/NEOWAYM590.o
 .debug_macro   0x0000f50d       0x1c src/Drivers/NEOWAYM590.o
 .debug_macro   0x0000f529       0x52 src/Drivers/NEOWAYM590.o
 .debug_macro   0x0000f57b       0x40 src/Drivers/NEOWAYM590.o
 .debug_macro   0x0000f5bb       0x10 src/Drivers/NEOWAYM590.o
 .debug_macro   0x0000f5cb       0x40 src/Drivers/NEOWAYM590.o
 .debug_macro   0x0000f60b       0xd7 src/Drivers/NEOWAYM590.o
 .debug_macro   0x0000f6e2       0x1c src/Drivers/NEOWAYM590.o
 .debug_macro   0x0000f6fe       0x3d src/Drivers/NEOWAYM590.o
 .debug_macro   0x0000f73b       0x16 src/Drivers/NEOWAYM590.o
 .debug_macro   0x0000f751      0x137 src/Drivers/NEOWAYM590.o
 .debug_macro   0x0000f888      0x101 src/Handlers/AlarmHandler.o
 .debug_macro   0x0000f989      0x17b src/Handlers/AlarmHandler.o
 .debug_macro   0x0000fb04      0x504 src/Handlers/AlarmHandler.o
 .debug_macro   0x00010008       0x7e src/Handlers/AlarmHandler.o
 .debug_macro   0x00010086      0x1a8 src/Handlers/GNSSHandler.o
 .debug_macro   0x0001022e       0x10 src/Handlers/GNSSHandler.o
 .debug_macro   0x0001023e      0x10a src/Handlers/SensorHandler.o
 .debug_macro   0x00010348      0x2f0 src/Hardware/GPIO.o
 .debug_macro   0x00010638      0x18e src/Hardware/Timers.o
 .debug_macro   0x000107c6      0x1ae src/Hardware/USART.o
 .debug_macro   0x00010974      0x436 src/Logic.o
 .debug_macro   0x00010daa      0x168 src/Logic.o
 .debug_macro   0x00010f12       0x10 src/Logic.o
 .debug_macro   0x00010f22      0x3f4 src/Logic.o
 .debug_macro   0x00011316       0x35 src/Logic.o
 .debug_macro   0x0001134b       0x8e src/Logic.o
 .debug_macro   0x000113d9       0x1c src/Logic.o
 .debug_macro   0x000113f5       0x10 src/Logic.o
 .debug_macro   0x00011405       0x1c src/Logic.o
 .debug_macro   0x00011421       0xde src/Logic.o
 .debug_macro   0x000114ff      0x49f src/main.o
 .debug_macro   0x0001199e      0x6bd src/main.o
 .debug_macro   0x0001205b      0x243 src/syscalls.o
 .debug_macro   0x0001229e       0x10 src/syscalls.o
 .debug_macro   0x000122ae       0x10 src/syscalls.o
 .debug_macro   0x000122be       0x10 src/syscalls.o
 .debug_macro   0x000122ce       0x35 src/syscalls.o
 .debug_macro   0x00012303      0x122 src/syscalls.o
 .debug_macro   0x00012425       0x10 src/syscalls.o
 .debug_macro   0x00012435      0x241 src/syscalls.o
 .debug_macro   0x00012676       0x10 src/syscalls.o
 .debug_macro   0x00012686      0x16f src/syscalls.o
 .debug_macro   0x000127f5      0x189 src/syscalls.o
 .debug_macro   0x0001297e       0x16 src/syscalls.o
 .debug_macro   0x00012994       0x88 src/syscalls.o
 .debug_macro   0x00012a1c      0x188 src/system_stm32f10x.o
 .debug_macro   0x00012ba4      0x393 src/userinterface.o
 .debug_macro   0x00012f37      0x1a3 src/Parsers/ArrayManagement.o
 .debug_macro   0x000130da       0x18 src/Parsers/ArrayManagement.o
 .debug_macro   0x000130f2      0x1da src/Parsers/ArrayManagement.o
 .debug_macro   0x000132cc       0x10 src/Parsers/ArrayManagement.o
 .debug_macro   0x000132dc       0x10 src/Parsers/ArrayManagement.o
 .debug_macro   0x000132ec      0x3c7 src/Parsers/ArrayManagement.o
 .debug_macro   0x000136b3       0x1b src/Protocols/MessageProtocol.o

.debug_line     0x00000000     0xd1ab
 .debug_line    0x00000000      0x4a3 FreeRTOS/src/heap_1.o
 .debug_line    0x000004a3      0x4be FreeRTOS/src/list.o
 .debug_line    0x00000961      0x4e0 FreeRTOS/src/port.o
 .debug_line    0x00000e41      0x98b FreeRTOS/src/queue.o
 .debug_line    0x000017cc      0x7d9 FreeRTOS/src/stream_buffer.o
 .debug_line    0x00001fa5      0xdd7 FreeRTOS/src/tasks.o
 .debug_line    0x00002d7c      0x63d StdPeriph_Driver/src/misc.o
 .debug_line    0x000033b9      0x7be StdPeriph_Driver/src/stm32f10x_gpio.o
 .debug_line    0x00003b77      0x8ba StdPeriph_Driver/src/stm32f10x_rcc.o
 .debug_line    0x00004431      0xf3f StdPeriph_Driver/src/stm32f10x_tim.o
 .debug_line    0x00005370      0x88c StdPeriph_Driver/src/stm32f10x_usart.o
 .debug_line    0x00005bfc      0x966 src/Drivers/NEOWAYM590.o
 .debug_line    0x00006562      0x4d4 src/Handlers/AlarmHandler.o
 .debug_line    0x00006a36      0x880 src/Handlers/GNSSHandler.o
 .debug_line    0x000072b6      0x4fa src/Handlers/SensorHandler.o
 .debug_line    0x000077b0      0x918 src/Hardware/GPIO.o
 .debug_line    0x000080c8      0x7d8 src/Hardware/Timers.o
 .debug_line    0x000088a0      0x9de src/Hardware/USART.o
 .debug_line    0x0000927e      0xcb0 src/Logic.o
 .debug_line    0x00009f2e      0xdf6 src/main.o
 .debug_line    0x0000ad24      0x5df src/syscalls.o
 .debug_line    0x0000b303      0x673 src/system_stm32f10x.o
 .debug_line    0x0000b976      0xc86 src/userinterface.o
 .debug_line    0x0000c5fc      0xa50 src/Parsers/ArrayManagement.o
 .debug_line    0x0000d04c       0xe3 src/Protocols/MessageProtocol.o
 .debug_line    0x0000d12f       0x7c startup/startup_stm32.o

.debug_str      0x00000000    0x61ee9
 .debug_str     0x00000000     0xa6ec FreeRTOS/src/heap_1.o
                               0xa95e (size before relaxing)
 .debug_str     0x0000a6ec      0x12d FreeRTOS/src/list.o
                               0xa2f8 (size before relaxing)
 .debug_str     0x0000a819      0x68d FreeRTOS/src/port.o
                               0x8296 (size before relaxing)
 .debug_str     0x0000aea6      0xee0 FreeRTOS/src/queue.o
                               0xb8d2 (size before relaxing)
 .debug_str     0x0000bd86      0xcfc FreeRTOS/src/stream_buffer.o
                               0xb614 (size before relaxing)
 .debug_str     0x0000ca82     0x1a7b FreeRTOS/src/tasks.o
                               0xc5ff (size before relaxing)
 .debug_str     0x0000e4fd    0x4982e StdPeriph_Driver/src/misc.o
                              0x4d456 (size before relaxing)
 .debug_str     0x00057d2b      0x574 StdPeriph_Driver/src/stm32f10x_gpio.o
                              0x4d7ce (size before relaxing)
 .debug_str     0x0005829f      0xb3b StdPeriph_Driver/src/stm32f10x_rcc.o
                              0x4ddb4 (size before relaxing)
 .debug_str     0x00058dda      0xbf1 StdPeriph_Driver/src/stm32f10x_tim.o
                              0x4ded2 (size before relaxing)
 .debug_str     0x000599cb      0x7d0 StdPeriph_Driver/src/stm32f10x_usart.o
                              0x4dade (size before relaxing)
 .debug_str     0x0005a19b     0x239f src/Drivers/NEOWAYM590.o
                              0x521fa (size before relaxing)
 .debug_str     0x0005c53a      0x84d src/Handlers/AlarmHandler.o
                               0x8fc5 (size before relaxing)
 .debug_str     0x0005cd87      0x5ca src/Handlers/GNSSHandler.o
                              0x4e259 (size before relaxing)
 .debug_str     0x0005d351      0x160 src/Handlers/SensorHandler.o
                               0x9037 (size before relaxing)
 .debug_str     0x0005d4b1      0x2a8 src/Hardware/GPIO.o
                              0x51fb4 (size before relaxing)
 .debug_str     0x0005d759      0x6cc src/Hardware/Timers.o
                              0x4e02d (size before relaxing)
 .debug_str     0x0005de25      0x199 src/Hardware/USART.o
                              0x4e3c7 (size before relaxing)
 .debug_str     0x0005dfbe     0x1b01 src/Logic.o
                              0x57834 (size before relaxing)
 .debug_str     0x0005fabf      0x117 src/main.o
                              0x5879f (size before relaxing)
 .debug_str     0x0005fbd6     0x1078 src/syscalls.o
                               0x8593 (size before relaxing)
 .debug_str     0x00060c4e       0xaa src/system_stm32f10x.o
                              0x4d362 (size before relaxing)
 .debug_str     0x00060cf8      0x25f src/userinterface.o
                              0x57614 (size before relaxing)
 .debug_str     0x00060f57      0xe84 src/Parsers/ArrayManagement.o
                               0x934a (size before relaxing)
 .debug_str     0x00061ddb       0xe5 src/Protocols/MessageProtocol.o
                               0x3215 (size before relaxing)
 .debug_str     0x00061ec0       0x29 startup/startup_stm32.o
                                 0x78 (size before relaxing)

.comment        0x00000000       0x7f
 .comment       0x00000000       0x7f FreeRTOS/src/heap_1.o
                                 0x80 (size before relaxing)
 .comment       0x0000007f       0x80 FreeRTOS/src/list.o
 .comment       0x0000007f       0x80 FreeRTOS/src/port.o
 .comment       0x0000007f       0x80 FreeRTOS/src/queue.o
 .comment       0x0000007f       0x80 FreeRTOS/src/stream_buffer.o
 .comment       0x0000007f       0x80 FreeRTOS/src/tasks.o
 .comment       0x0000007f       0x80 StdPeriph_Driver/src/misc.o
 .comment       0x0000007f       0x80 StdPeriph_Driver/src/stm32f10x_gpio.o
 .comment       0x0000007f       0x80 StdPeriph_Driver/src/stm32f10x_rcc.o
 .comment       0x0000007f       0x80 StdPeriph_Driver/src/stm32f10x_tim.o
 .comment       0x0000007f       0x80 StdPeriph_Driver/src/stm32f10x_usart.o
 .comment       0x0000007f       0x80 src/Drivers/NEOWAYM590.o
 .comment       0x0000007f       0x80 src/Handlers/AlarmHandler.o
 .comment       0x0000007f       0x80 src/Handlers/GNSSHandler.o
 .comment       0x0000007f       0x80 src/Handlers/SensorHandler.o
 .comment       0x0000007f       0x80 src/Hardware/GPIO.o
 .comment       0x0000007f       0x80 src/Hardware/Timers.o
 .comment       0x0000007f       0x80 src/Hardware/USART.o
 .comment       0x0000007f       0x80 src/Logic.o
 .comment       0x0000007f       0x80 src/main.o
 .comment       0x0000007f       0x80 src/syscalls.o
 .comment       0x0000007f       0x80 src/system_stm32f10x.o
 .comment       0x0000007f       0x80 src/userinterface.o
 .comment       0x0000007f       0x80 src/Parsers/ArrayManagement.o
 .comment       0x0000007f       0x80 src/Protocols/MessageProtocol.o

.debug_frame    0x00000000     0x4a48
 .debug_frame   0x00000000       0x9c FreeRTOS/src/heap_1.o
 .debug_frame   0x0000009c       0xd8 FreeRTOS/src/list.o
 .debug_frame   0x00000174      0x160 FreeRTOS/src/port.o
 .debug_frame   0x000002d4      0x490 FreeRTOS/src/queue.o
 .debug_frame   0x00000764      0x39c FreeRTOS/src/stream_buffer.o
 .debug_frame   0x00000b00      0x810 FreeRTOS/src/tasks.o
 .debug_frame   0x00001310       0xd8 StdPeriph_Driver/src/misc.o
 .debug_frame   0x000013e8      0x2d0 StdPeriph_Driver/src/stm32f10x_gpio.o
 .debug_frame   0x000016b8      0x4f4 StdPeriph_Driver/src/stm32f10x_rcc.o
 .debug_frame   0x00001bac      0xe2c StdPeriph_Driver/src/stm32f10x_tim.o
 .debug_frame   0x000029d8      0x490 StdPeriph_Driver/src/stm32f10x_usart.o
 .debug_frame   0x00002e68      0x254 src/Drivers/NEOWAYM590.o
 .debug_frame   0x000030bc       0xd4 src/Handlers/AlarmHandler.o
 .debug_frame   0x00003190      0x1ac src/Handlers/GNSSHandler.o
 .debug_frame   0x0000333c       0xec src/Handlers/SensorHandler.o
 .debug_frame   0x00003428      0x1f0 src/Hardware/GPIO.o
 .debug_frame   0x00003618      0x234 src/Hardware/Timers.o
 .debug_frame   0x0000384c      0x2e0 src/Hardware/USART.o
 .debug_frame   0x00003b2c      0x154 src/Logic.o
 .debug_frame   0x00003c80      0x12c src/main.o
 .debug_frame   0x00003dac      0x2d0 src/syscalls.o
 .debug_frame   0x0000407c       0x98 src/system_stm32f10x.o
 .debug_frame   0x00004114      0x184 src/userinterface.o
 .debug_frame   0x00004298      0x2b4 src/Parsers/ArrayManagement.o
 .debug_frame   0x0000454c       0x84 src/Protocols/MessageProtocol.o
 .debug_frame   0x000045d0       0x20 c:/ac6/systemworkbench/plugins/fr.ac6.mcu.externaltools.arm-none.win32_1.17.0.201812190825/tools/compiler/bin/../lib/gcc/arm-none-eabi/7.3.1/../../../../arm-none-eabi/lib/thumb/v7-m\libstdc++.a(atexit_arm.o)
 .debug_frame   0x000045f0       0x20 c:/ac6/systemworkbench/plugins/fr.ac6.mcu.externaltools.arm-none.win32_1.17.0.201812190825/tools/compiler/bin/../lib/gcc/arm-none-eabi/7.3.1/../../../../arm-none-eabi/lib/thumb/v7-m\libstdc++.a(del_ops.o)
 .debug_frame   0x00004610       0x20 c:/ac6/systemworkbench/plugins/fr.ac6.mcu.externaltools.arm-none.win32_1.17.0.201812190825/tools/compiler/bin/../lib/gcc/arm-none-eabi/7.3.1/../../../../arm-none-eabi/lib/thumb/v7-m\libstdc++.a(del_op.o)
 .debug_frame   0x00004630       0x20 c:/ac6/systemworkbench/plugins/fr.ac6.mcu.externaltools.arm-none.win32_1.17.0.201812190825/tools/compiler/bin/../lib/gcc/arm-none-eabi/7.3.1/../../../../arm-none-eabi/lib/thumb/v7-m\libc.a(lib_a-cxa_atexit.o)
 .debug_frame   0x00004650       0x20 c:/ac6/systemworkbench/plugins/fr.ac6.mcu.externaltools.arm-none.win32_1.17.0.201812190825/tools/compiler/bin/../lib/gcc/arm-none-eabi/7.3.1/../../../../arm-none-eabi/lib/thumb/v7-m\libc.a(lib_a-errno.o)
 .debug_frame   0x00004670       0x2c c:/ac6/systemworkbench/plugins/fr.ac6.mcu.externaltools.arm-none.win32_1.17.0.201812190825/tools/compiler/bin/../lib/gcc/arm-none-eabi/7.3.1/../../../../arm-none-eabi/lib/thumb/v7-m\libc.a(lib_a-init.o)
 .debug_frame   0x0000469c       0x30 c:/ac6/systemworkbench/plugins/fr.ac6.mcu.externaltools.arm-none.win32_1.17.0.201812190825/tools/compiler/bin/../lib/gcc/arm-none-eabi/7.3.1/../../../../arm-none-eabi/lib/thumb/v7-m\libc.a(lib_a-malloc.o)
 .debug_frame   0x000046cc       0x4c c:/ac6/systemworkbench/plugins/fr.ac6.mcu.externaltools.arm-none.win32_1.17.0.201812190825/tools/compiler/bin/../lib/gcc/arm-none-eabi/7.3.1/../../../../arm-none-eabi/lib/thumb/v7-m\libc.a(lib_a-mallocr.o)
 .debug_frame   0x00004718       0x38 c:/ac6/systemworkbench/plugins/fr.ac6.mcu.externaltools.arm-none.win32_1.17.0.201812190825/tools/compiler/bin/../lib/gcc/arm-none-eabi/7.3.1/../../../../arm-none-eabi/lib/thumb/v7-m\libc.a(lib_a-memset.o)
 .debug_frame   0x00004750       0x30 c:/ac6/systemworkbench/plugins/fr.ac6.mcu.externaltools.arm-none.win32_1.17.0.201812190825/tools/compiler/bin/../lib/gcc/arm-none-eabi/7.3.1/../../../../arm-none-eabi/lib/thumb/v7-m\libc.a(lib_a-mlock.o)
 .debug_frame   0x00004780       0x2c c:/ac6/systemworkbench/plugins/fr.ac6.mcu.externaltools.arm-none.win32_1.17.0.201812190825/tools/compiler/bin/../lib/gcc/arm-none-eabi/7.3.1/../../../../arm-none-eabi/lib/thumb/v7-m\libc.a(lib_a-sbrkr.o)
 .debug_frame   0x000047ac       0x20 c:/ac6/systemworkbench/plugins/fr.ac6.mcu.externaltools.arm-none.win32_1.17.0.201812190825/tools/compiler/bin/../lib/gcc/arm-none-eabi/7.3.1/../../../../arm-none-eabi/lib/thumb/v7-m\libc.a(lib_a-strlen-stub.o)
 .debug_frame   0x000047cc       0x34 c:/ac6/systemworkbench/plugins/fr.ac6.mcu.externaltools.arm-none.win32_1.17.0.201812190825/tools/compiler/bin/../lib/gcc/arm-none-eabi/7.3.1/../../../../arm-none-eabi/lib/thumb/v7-m\libc.a(lib_a-__atexit.o)
 .debug_frame   0x00004800       0x5c c:/ac6/systemworkbench/plugins/fr.ac6.mcu.externaltools.arm-none.win32_1.17.0.201812190825/tools/compiler/bin/../lib/gcc/arm-none-eabi/7.3.1/../../../../arm-none-eabi/lib/thumb/v7-m\libc.a(lib_a-__call_atexit.o)
 .debug_frame   0x0000485c       0x20 c:/ac6/systemworkbench/plugins/fr.ac6.mcu.externaltools.arm-none.win32_1.17.0.201812190825/tools/compiler/bin/../lib/gcc/arm-none-eabi/7.3.1/../../../../arm-none-eabi/lib/thumb/v7-m\libc.a(lib_a-atexit.o)
 .debug_frame   0x0000487c       0x34 c:/ac6/systemworkbench/plugins/fr.ac6.mcu.externaltools.arm-none.win32_1.17.0.201812190825/tools/compiler/bin/../lib/gcc/arm-none-eabi/7.3.1/../../../../arm-none-eabi/lib/thumb/v7-m\libc.a(lib_a-fini.o)
 .debug_frame   0x000048b0       0x80 c:/ac6/systemworkbench/plugins/fr.ac6.mcu.externaltools.arm-none.win32_1.17.0.201812190825/tools/compiler/bin/../lib/gcc/arm-none-eabi/7.3.1/../../../../arm-none-eabi/lib/thumb/v7-m\libc.a(lib_a-freer.o)
 .debug_frame   0x00004930       0xb0 c:/ac6/systemworkbench/plugins/fr.ac6.mcu.externaltools.arm-none.win32_1.17.0.201812190825/tools/compiler/bin/../lib/gcc/arm-none-eabi/7.3.1/../../../../arm-none-eabi/lib/thumb/v7-m\libc.a(lib_a-lock.o)
 .debug_frame   0x000049e0       0x68 c:/ac6/systemworkbench/plugins/fr.ac6.mcu.externaltools.arm-none.win32_1.17.0.201812190825/tools/compiler/bin/../lib/gcc/arm-none-eabi/7.3.1/../../../../arm-none-eabi/lib/thumb/v7-m\libc.a(lib_a-reent.o)